Archive member included to satisfy reference by file (symbol)

/usr/local/arm/gcc-arm-none-eabi/bin/../lib/gcc/arm-none-eabi/5.2.1/../../../../arm-none-eabi/lib/armv7-m/libc_nano.a(lib_a-exit.o)
                              /usr/local/arm/gcc-arm-none-eabi/bin/../lib/gcc/arm-none-eabi/5.2.1/../../../../arm-none-eabi/lib/armv7-m/crt0.o (exit)
/usr/local/arm/gcc-arm-none-eabi/bin/../lib/gcc/arm-none-eabi/5.2.1/../../../../arm-none-eabi/lib/armv7-m/libc_nano.a(lib_a-impure.o)
                              /usr/local/arm/gcc-arm-none-eabi/bin/../lib/gcc/arm-none-eabi/5.2.1/../../../../arm-none-eabi/lib/armv7-m/libc_nano.a(lib_a-exit.o) (_global_impure_ptr)
/usr/local/arm/gcc-arm-none-eabi/bin/../lib/gcc/arm-none-eabi/5.2.1/../../../../arm-none-eabi/lib/armv7-m/libc_nano.a(lib_a-init.o)
                              /usr/local/arm/gcc-arm-none-eabi/bin/../lib/gcc/arm-none-eabi/5.2.1/../../../../arm-none-eabi/lib/armv7-m/crt0.o (__libc_init_array)
/usr/local/arm/gcc-arm-none-eabi/bin/../lib/gcc/arm-none-eabi/5.2.1/../../../../arm-none-eabi/lib/armv7-m/libc_nano.a(lib_a-memset.o)
                              /usr/local/arm/gcc-arm-none-eabi/bin/../lib/gcc/arm-none-eabi/5.2.1/../../../../arm-none-eabi/lib/armv7-m/crt0.o (memset)

Allocating common symbols
Common symbol       size              file

OSLockNesting       0x1               /home/wlb/wlb/VmShare/STM32-build-in-linux/st_in_linux/debug/obj/os_core.o
OSRunning           0x1               /home/wlb/wlb/VmShare/STM32-build-in-linux/st_in_linux/debug/obj/os_core.o
OSIdleCtr           0x4               /home/wlb/wlb/VmShare/STM32-build-in-linux/st_in_linux/debug/obj/os_core.o
OSPrioHighRdy       0x1               /home/wlb/wlb/VmShare/STM32-build-in-linux/st_in_linux/debug/obj/os_core.o
RxCounter1          0x1               /home/wlb/wlb/VmShare/STM32-build-in-linux/st_in_linux/debug/obj/stm32f10x_it.o
OSPrioCur           0x1               /home/wlb/wlb/VmShare/STM32-build-in-linux/st_in_linux/debug/obj/os_core.o
OSTCBList           0x4               /home/wlb/wlb/VmShare/STM32-build-in-linux/st_in_linux/debug/obj/os_core.o
OSMemTbl            0x78              /home/wlb/wlb/VmShare/STM32-build-in-linux/st_in_linux/debug/obj/os_core.o
OSTickStepState     0x1               /home/wlb/wlb/VmShare/STM32-build-in-linux/st_in_linux/debug/obj/os_core.o
OSTaskStatStk       0x200             /home/wlb/wlb/VmShare/STM32-build-in-linux/st_in_linux/debug/obj/os_core.o
msg                 0x14              /home/wlb/wlb/VmShare/STM32-build-in-linux/st_in_linux/debug/obj/stm32f10x_it.o
OSCtxSwCtr          0x4               /home/wlb/wlb/VmShare/STM32-build-in-linux/st_in_linux/debug/obj/os_core.o
OSIdleCtrMax        0x4               /home/wlb/wlb/VmShare/STM32-build-in-linux/st_in_linux/debug/obj/os_core.o
OSTCBFreeList       0x4               /home/wlb/wlb/VmShare/STM32-build-in-linux/st_in_linux/debug/obj/os_core.o
OSCPUUsage          0x1               /home/wlb/wlb/VmShare/STM32-build-in-linux/st_in_linux/debug/obj/os_core.o
OSTaskCtr           0x1               /home/wlb/wlb/VmShare/STM32-build-in-linux/st_in_linux/debug/obj/os_core.o
OSMemFreeList       0x4               /home/wlb/wlb/VmShare/STM32-build-in-linux/st_in_linux/debug/obj/os_core.o
OSQTbl              0x60              /home/wlb/wlb/VmShare/STM32-build-in-linux/st_in_linux/debug/obj/os_core.o
OSTCBHighRdy        0x4               /home/wlb/wlb/VmShare/STM32-build-in-linux/st_in_linux/debug/obj/os_core.o
OSQFreeList         0x4               /home/wlb/wlb/VmShare/STM32-build-in-linux/st_in_linux/debug/obj/os_core.o
OSRdyGrp            0x1               /home/wlb/wlb/VmShare/STM32-build-in-linux/st_in_linux/debug/obj/os_core.o
OSRdyTbl            0x8               /home/wlb/wlb/VmShare/STM32-build-in-linux/st_in_linux/debug/obj/os_core.o
OSEventFreeList     0x4               /home/wlb/wlb/VmShare/STM32-build-in-linux/st_in_linux/debug/obj/os_core.o
OSIntNesting        0x1               /home/wlb/wlb/VmShare/STM32-build-in-linux/st_in_linux/debug/obj/os_core.o
USART_Q             0x4               /home/wlb/wlb/VmShare/STM32-build-in-linux/st_in_linux/debug/obj/main.o
OSTCBCur            0x4               /home/wlb/wlb/VmShare/STM32-build-in-linux/st_in_linux/debug/obj/os_core.o
OSTime              0x4               /home/wlb/wlb/VmShare/STM32-build-in-linux/st_in_linux/debug/obj/os_core.o
OSTaskIdleStk       0x200             /home/wlb/wlb/VmShare/STM32-build-in-linux/st_in_linux/debug/obj/os_core.o
OSEventTbl          0xc8              /home/wlb/wlb/VmShare/STM32-build-in-linux/st_in_linux/debug/obj/os_core.o
OSTCBTbl            0x688             /home/wlb/wlb/VmShare/STM32-build-in-linux/st_in_linux/debug/obj/os_core.o
OSStatRdy           0x1               /home/wlb/wlb/VmShare/STM32-build-in-linux/st_in_linux/debug/obj/os_core.o
OSTCBPrioTbl        0x100             /home/wlb/wlb/VmShare/STM32-build-in-linux/st_in_linux/debug/obj/os_core.o
[...]
Memory Configuration

Name             Origin             Length             Attributes
FLASH            0x08000000         0x00080000         xr
RAM              0x20000000         0x00010000         xrw
MEMORY_B1        0x60000000         0x00000000         xr
*default*        0x00000000         0xffffffff

Linker script and memory map

LOAD /usr/local/arm/gcc-arm-none-eabi/bin/../lib/gcc/arm-none-eabi/5.2.1/armv7-m/crti.o
LOAD /usr/local/arm/gcc-arm-none-eabi/bin/../lib/gcc/arm-none-eabi/5.2.1/armv7-m/crtbegin.o
LOAD /usr/local/arm/gcc-arm-none-eabi/bin/../lib/gcc/arm-none-eabi/5.2.1/../../../../arm-none-eabi/lib/armv7-m/crt0.o
LOAD /home/wlb/wlb/VmShare/STM32-build-in-linux/st_in_linux/debug/obj/core_cm3.o
LOAD /home/wlb/wlb/VmShare/STM32-build-in-linux/st_in_linux/debug/obj/stm32f10x_dma.o
LOAD /home/wlb/wlb/VmShare/STM32-build-in-linux/st_in_linux/debug/obj/stm32f10x_adc.o
LOAD /home/wlb/wlb/VmShare/STM32-build-in-linux/st_in_linux/debug/obj/stm32f10x_cec.o
LOAD /home/wlb/wlb/VmShare/STM32-build-in-linux/st_in_linux/debug/obj/stm32f10x_pwr.o
LOAD /home/wlb/wlb/VmShare/STM32-build-in-linux/st_in_linux/debug/obj/stm32f10x_fsmc.o
LOAD /home/wlb/wlb/VmShare/STM32-build-in-linux/st_in_linux/debug/obj/stm32f10x_bkp.o
LOAD /home/wlb/wlb/VmShare/STM32-build-in-linux/st_in_linux/debug/obj/stm32f10x_gpio.o
LOAD /home/wlb/wlb/VmShare/STM32-build-in-linux/st_in_linux/debug/obj/stm32f10x_dac.o
LOAD /home/wlb/wlb/VmShare/STM32-build-in-linux/st_in_linux/debug/obj/stm32f10x_wwdg.o
LOAD /home/wlb/wlb/VmShare/STM32-build-in-linux/st_in_linux/debug/obj/stm32f10x_rcc.o
LOAD /home/wlb/wlb/VmShare/STM32-build-in-linux/st_in_linux/debug/obj/misc.o
LOAD /home/wlb/wlb/VmShare/STM32-build-in-linux/st_in_linux/debug/obj/stm32f10x_dbgmcu.o
LOAD /home/wlb/wlb/VmShare/STM32-build-in-linux/st_in_linux/debug/obj/stm32f10x_can.o
LOAD /home/wlb/wlb/VmShare/STM32-build-in-linux/st_in_linux/debug/obj/stm32f10x_usart.o
LOAD /home/wlb/wlb/VmShare/STM32-build-in-linux/st_in_linux/debug/obj/stm32f10x_exti.o
LOAD /home/wlb/wlb/VmShare/STM32-build-in-linux/st_in_linux/debug/obj/stm32f10x_sdio.o
LOAD /home/wlb/wlb/VmShare/STM32-build-in-linux/st_in_linux/debug/obj/stm32f10x_iwdg.o
LOAD /home/wlb/wlb/VmShare/STM32-build-in-linux/st_in_linux/debug/obj/stm32f10x_rtc.o
LOAD /home/wlb/wlb/VmShare/STM32-build-in-linux/st_in_linux/debug/obj/stm32f10x_crc.o
LOAD /home/wlb/wlb/VmShare/STM32-build-in-linux/st_in_linux/debug/obj/stm32f10x_spi.o
LOAD /home/wlb/wlb/VmShare/STM32-build-in-linux/st_in_linux/debug/obj/stm32f10x_tim.o
LOAD /home/wlb/wlb/VmShare/STM32-build-in-linux/st_in_linux/debug/obj/stm32f10x_flash.o
LOAD /home/wlb/wlb/VmShare/STM32-build-in-linux/st_in_linux/debug/obj/stm32f10x_i2c.o
LOAD /home/wlb/wlb/VmShare/STM32-build-in-linux/st_in_linux/debug/obj/system_stm32f10x.o
LOAD /home/wlb/wlb/VmShare/STM32-build-in-linux/st_in_linux/debug/obj/LCD_SSD1289.o
LOAD /home/wlb/wlb/VmShare/STM32-build-in-linux/st_in_linux/debug/obj/led.o
LOAD /home/wlb/wlb/VmShare/STM32-build-in-linux/st_in_linux/debug/obj/uart.o
LOAD /home/wlb/wlb/VmShare/STM32-build-in-linux/st_in_linux/debug/obj/BSP.o
LOAD /home/wlb/wlb/VmShare/STM32-build-in-linux/st_in_linux/debug/obj/os_tmr.o
LOAD /home/wlb/wlb/VmShare/STM32-build-in-linux/st_in_linux/debug/obj/os_core.o
LOAD /home/wlb/wlb/VmShare/STM32-build-in-linux/st_in_linux/debug/obj/os_mutex.o
LOAD /home/wlb/wlb/VmShare/STM32-build-in-linux/st_in_linux/debug/obj/os_time.o
LOAD /home/wlb/wlb/VmShare/STM32-build-in-linux/st_in_linux/debug/obj/os_task.o
LOAD /home/wlb/wlb/VmShare/STM32-build-in-linux/st_in_linux/debug/obj/os_mem.o
LOAD /home/wlb/wlb/VmShare/STM32-build-in-linux/st_in_linux/debug/obj/os_sem.o
LOAD /home/wlb/wlb/VmShare/STM32-build-in-linux/st_in_linux/debug/obj/os_q.o
LOAD /home/wlb/wlb/VmShare/STM32-build-in-linux/st_in_linux/debug/obj/os_flag.o
LOAD /home/wlb/wlb/VmShare/STM32-build-in-linux/st_in_linux/debug/obj/os_mbox.o
LOAD /home/wlb/wlb/VmShare/STM32-build-in-linux/st_in_linux/debug/obj/main.o
LOAD /home/wlb/wlb/VmShare/STM32-build-in-linux/st_in_linux/debug/obj/stm32f10x_it.o
LOAD /home/wlb/wlb/VmShare/STM32-build-in-linux/st_in_linux/debug/obj/os_cpu_c.o
LOAD /home/wlb/wlb/VmShare/STM32-build-in-linux/st_in_linux/debug/obj/os_dbg.o
LOAD /home/wlb/wlb/VmShare/STM32-build-in-linux/st_in_linux/debug/obj/app.o
LOAD /home/wlb/wlb/VmShare/STM32-build-in-linux/st_in_linux/debug/obj/startup_stm32f10x_hd.o
LOAD /home/wlb/wlb/VmShare/STM32-build-in-linux/st_in_linux/debug/obj/os_cpu_a.o
START GROUP
LOAD /usr/local/arm/gcc-arm-none-eabi/bin/../lib/gcc/arm-none-eabi/5.2.1/armv7-m/libgcc.a
LOAD /usr/local/arm/gcc-arm-none-eabi/bin/../lib/gcc/arm-none-eabi/5.2.1/../../../../arm-none-eabi/lib/armv7-m/libc_nano.a
END GROUP
START GROUP
LOAD /usr/local/arm/gcc-arm-none-eabi/bin/../lib/gcc/arm-none-eabi/5.2.1/armv7-m/libgcc.a
LOAD /usr/local/arm/gcc-arm-none-eabi/bin/../lib/gcc/arm-none-eabi/5.2.1/../../../../arm-none-eabi/lib/armv7-m/libc_nano.a
END GROUP
LOAD /usr/local/arm/gcc-arm-none-eabi/bin/../lib/gcc/arm-none-eabi/5.2.1/armv7-m/crtend.o
LOAD /usr/local/arm/gcc-arm-none-eabi/bin/../lib/gcc/arm-none-eabi/5.2.1/armv7-m/crtn.o
                0x20010000                _estack = 0x20010000
                0x00000000                _Min_Heap_Size = 0x0
                0x00000200                _Min_Stack_Size = 0x200

.isr_vector     0x08000000      0x1e4
                0x08000000                . = ALIGN (0x4)
 *(.isr_vector)
 .isr_vector    0x08000000      0x1e4 /home/wlb/wlb/VmShare/STM32-build-in-linux/st_in_linux/debug/obj/startup_stm32f10x_hd.o
                0x08000000                g_pfnVectors
                0x080001e4                . = ALIGN (0x4)

.eh_frame       0x080001e4        0x0
 .eh_frame      0x080001e4        0x0 /usr/local/arm/gcc-arm-none-eabi/bin/../lib/gcc/arm-none-eabi/5.2.1/armv7-m/crtbegin.o

.text           0x080001e4    0x17a74
                0x080001e4                . = ALIGN (0x4)
 *(.text)
 .text          0x080001e4       0xa4 /usr/local/arm/gcc-arm-none-eabi/bin/../lib/gcc/arm-none-eabi/5.2.1/armv7-m/crtbegin.o
 .text          0x08000288       0xa4 /home/wlb/wlb/VmShare/STM32-build-in-linux/st_in_linux/debug/obj/os_cpu_a.o
                0x08000288                OS_CPU_SR_Save
                0x08000290                OS_CPU_SR_Restore
                0x08000296                OSStartHighRdy
                0x080002b4                OSCtxSw
                0x080002be                OSIntCtxSw
                0x080002c8                OS_CPU_PendSVHandler
 *(.text*)
 .text.FSMC_NORSRAMInit
                0x0800032c       0xb8 /home/wlb/wlb/VmShare/STM32-build-in-linux/st_in_linux/debug/obj/stm32f10x_fsmc.o
                0x0800032c                FSMC_NORSRAMInit
 .text.FSMC_NORSRAMCmd
                0x080003e4       0x20 /home/wlb/wlb/VmShare/STM32-build-in-linux/st_in_linux/debug/obj/stm32f10x_fsmc.o
                0x080003e4                FSMC_NORSRAMCmd
 .text.GPIO_Init
                0x08000404       0xa4 /home/wlb/wlb/VmShare/STM32-build-in-linux/st_in_linux/debug/obj/stm32f10x_gpio.o
                0x08000404                GPIO_Init
 .text.GPIO_SetBits
                0x080004a8        0x4 /home/wlb/wlb/VmShare/STM32-build-in-linux/st_in_linux/debug/obj/stm32f10x_gpio.o
                0x080004a8                GPIO_SetBits
 .text.GPIO_ResetBits
                0x080004ac        0x4 /home/wlb/wlb/VmShare/STM32-build-in-linux/st_in_linux/debug/obj/stm32f10x_gpio.o
                0x080004ac                GPIO_ResetBits
 .text.RCC_GetClocksFreq
                0x080004b0       0x88 /home/wlb/wlb/VmShare/STM32-build-in-linux/st_in_linux/debug/obj/stm32f10x_rcc.o
                0x080004b0                RCC_GetClocksFreq
 .text.RCC_AHBPeriphClockCmd
                0x08000538       0x18 /home/wlb/wlb/VmShare/STM32-build-in-linux/st_in_linux/debug/obj/stm32f10x_rcc.o
                0x08000538                RCC_AHBPeriphClockCmd
 .text.RCC_APB2PeriphClockCmd
                0x08000550       0x18 /home/wlb/wlb/VmShare/STM32-build-in-linux/st_in_linux/debug/obj/stm32f10x_rcc.o
                0x08000550                RCC_APB2PeriphClockCmd
 .text.NVIC_PriorityGroupConfig
                0x08000568       0x14 /home/wlb/wlb/VmShare/STM32-build-in-linux/st_in_linux/debug/obj/misc.o
                0x08000568                NVIC_PriorityGroupConfig
 .text.NVIC_Init
                0x0800057c       0x6c /home/wlb/wlb/VmShare/STM32-build-in-linux/st_in_linux/debug/obj/misc.o
                0x0800057c                NVIC_Init
 .text.USART_Init
                0x080005e8       0xa8 /home/wlb/wlb/VmShare/STM32-build-in-linux/st_in_linux/debug/obj/stm32f10x_usart.o
                0x080005e8                USART_Init
 .text.USART_Cmd
                0x08000690       0x18 /home/wlb/wlb/VmShare/STM32-build-in-linux/st_in_linux/debug/obj/stm32f10x_usart.o
                0x08000690                USART_Cmd
 .text.USART_ITConfig
                0x080006a8       0x30 /home/wlb/wlb/VmShare/STM32-build-in-linux/st_in_linux/debug/obj/stm32f10x_usart.o
                0x080006a8                USART_ITConfig
 .text.USART_SendData
                0x080006d8        0x8 /home/wlb/wlb/VmShare/STM32-build-in-linux/st_in_linux/debug/obj/stm32f10x_usart.o
                0x080006d8                USART_SendData
 .text.USART_ReceiveData
                0x080006e0        0x8 /home/wlb/wlb/VmShare/STM32-build-in-linux/st_in_linux/debug/obj/stm32f10x_usart.o
                0x080006e0                USART_ReceiveData
 .text.USART_GetFlagStatus
                0x080006e8        0xc /home/wlb/wlb/VmShare/STM32-build-in-linux/st_in_linux/debug/obj/stm32f10x_usart.o
                0x080006e8                USART_GetFlagStatus
 .text.USART_GetITStatus
                0x080006f4       0x40 /home/wlb/wlb/VmShare/STM32-build-in-linux/st_in_linux/debug/obj/stm32f10x_usart.o
                0x080006f4                USART_GetITStatus
 .text.SystemInit
                0x08000734       0xf4 /home/wlb/wlb/VmShare/STM32-build-in-linux/st_in_linux/debug/obj/system_stm32f10x.o
                0x08000734                SystemInit
 .text.Lcd_GPIO_Config
                0x08000828       0xb0 /home/wlb/wlb/VmShare/STM32-build-in-linux/st_in_linux/debug/obj/LCD_SSD1289.o
                0x08000828                Lcd_GPIO_Config
 .text.Lcd_FMSC_Config
                0x080008d8       0x58 /home/wlb/wlb/VmShare/STM32-build-in-linux/st_in_linux/debug/obj/LCD_SSD1289.o
                0x080008d8                Lcd_FMSC_Config
 .text.LCD_Set_Ver
                0x08000930       0x50 /home/wlb/wlb/VmShare/STM32-build-in-linux/st_in_linux/debug/obj/LCD_SSD1289.o
                0x08000930                LCD_Set_Ver
 .text.LCD_Init
                0x08000980      0x13c /home/wlb/wlb/VmShare/STM32-build-in-linux/st_in_linux/debug/obj/LCD_SSD1289.o
                0x08000980                LCD_Init
 .text.LCD_SetPos
                0x08000abc       0xa4 /home/wlb/wlb/VmShare/STM32-build-in-linux/st_in_linux/debug/obj/LCD_SSD1289.o
                0x08000abc                LCD_SetPos
 .text.LCD_PutGB1616
                0x08000b60       0x74 /home/wlb/wlb/VmShare/STM32-build-in-linux/st_in_linux/debug/obj/LCD_SSD1289.o
                0x08000b60                LCD_PutGB1616
 .text.LCD_PutChar8x16
                0x08000bd4       0x48 /home/wlb/wlb/VmShare/STM32-build-in-linux/st_in_linux/debug/obj/LCD_SSD1289.o
                0x08000bd4                LCD_PutChar8x16
 .text.LCD_PutString
                0x08000c1c       0x4c /home/wlb/wlb/VmShare/STM32-build-in-linux/st_in_linux/debug/obj/LCD_SSD1289.o
                0x08000c1c                LCD_PutString
 .text.LCD_TEST_Picture1
                0x08000c68       0x78 /home/wlb/wlb/VmShare/STM32-build-in-linux/st_in_linux/debug/obj/LCD_SSD1289.o
                0x08000c68                LCD_TEST_Picture1
 .text.LED_GPIO_Config
                0x08000ce0       0x38 /home/wlb/wlb/VmShare/STM32-build-in-linux/st_in_linux/debug/obj/led.o
                0x08000ce0                LED_GPIO_Config
 .text.USART_Configuration
                0x08000d18       0xa0 /home/wlb/wlb/VmShare/STM32-build-in-linux/st_in_linux/debug/obj/uart.o
                0x08000d18                USART_Configuration
 .text.NVIC_Configuration
                0x08000db8       0x2c /home/wlb/wlb/VmShare/STM32-build-in-linux/st_in_linux/debug/obj/uart.o
                0x08000db8                NVIC_Configuration
 .text.Uart_SendStr
                0x08000de4       0x24 /home/wlb/wlb/VmShare/STM32-build-in-linux/st_in_linux/debug/obj/uart.o
                0x08000de4                Uart_SendStr
 .text.SysTick_init
                0x08000e08       0x34 /home/wlb/wlb/VmShare/STM32-build-in-linux/st_in_linux/debug/obj/BSP.o
                0x08000e08                SysTick_init
 .text.BSP_Init
                0x08000e3c       0x26 /home/wlb/wlb/VmShare/STM32-build-in-linux/st_in_linux/debug/obj/BSP.o
                0x08000e3c                BSP_Init
 *fill*         0x08000e62        0x2 
 .text.OS_SchedNew
                0x08000e64       0x28 /home/wlb/wlb/VmShare/STM32-build-in-linux/st_in_linux/debug/obj/os_core.o
 .text.OS_TaskIdle
                0x08000e8c       0x1c /home/wlb/wlb/VmShare/STM32-build-in-linux/st_in_linux/debug/obj/os_core.o
                0x08000e8c                OS_TaskIdle
 .text.OSIntEnter
                0x08000ea8       0x20 /home/wlb/wlb/VmShare/STM32-build-in-linux/st_in_linux/debug/obj/os_core.o
                0x08000ea8                OSIntEnter
 .text.OSIntExit
                0x08000ec8       0x7c /home/wlb/wlb/VmShare/STM32-build-in-linux/st_in_linux/debug/obj/os_core.o
                0x08000ec8                OSIntExit
 .text.OSStart  0x08000f44       0x44 /home/wlb/wlb/VmShare/STM32-build-in-linux/st_in_linux/debug/obj/os_core.o
                0x08000f44                OSStart
 .text.OSTimeTick
                0x08000f88       0xb0 /home/wlb/wlb/VmShare/STM32-build-in-linux/st_in_linux/debug/obj/os_core.o
                0x08000f88                OSTimeTick
 .text.OS_EventTaskWait
                0x08001038       0x54 /home/wlb/wlb/VmShare/STM32-build-in-linux/st_in_linux/debug/obj/os_core.o
                0x08001038                OS_EventTaskWait
 .text.OS_EventTaskRemove
                0x0800108c       0x24 /home/wlb/wlb/VmShare/STM32-build-in-linux/st_in_linux/debug/obj/os_core.o
                0x0800108c                OS_EventTaskRemove
 .text.OS_EventWaitListInit
                0x080010b0       0x14 /home/wlb/wlb/VmShare/STM32-build-in-linux/st_in_linux/debug/obj/os_core.o
                0x080010b0                OS_EventWaitListInit
 .text.OS_MemClr
                0x080010c4       0x10 /home/wlb/wlb/VmShare/STM32-build-in-linux/st_in_linux/debug/obj/os_core.o
                0x080010c4                OS_MemClr
 .text.OSInit   0x080010d4      0x1a8 /home/wlb/wlb/VmShare/STM32-build-in-linux/st_in_linux/debug/obj/os_core.o
                0x080010d4                OSInit
 .text.OS_Sched
                0x0800127c       0x68 /home/wlb/wlb/VmShare/STM32-build-in-linux/st_in_linux/debug/obj/os_core.o
                0x0800127c                OS_Sched
 .text.OS_TaskStatStkChk
                0x080012e4       0x38 /home/wlb/wlb/VmShare/STM32-build-in-linux/st_in_linux/debug/obj/os_core.o
                0x080012e4                OS_TaskStatStkChk
 .text.OS_TaskStat
                0x0800131c       0x78 /home/wlb/wlb/VmShare/STM32-build-in-linux/st_in_linux/debug/obj/os_core.o
                0x0800131c                OS_TaskStat
 .text.OS_TCBInit
                0x08001394       0xf4 /home/wlb/wlb/VmShare/STM32-build-in-linux/st_in_linux/debug/obj/os_core.o
                0x08001394                OS_TCBInit
 .text.OSTimeDly
                0x08001488       0x60 /home/wlb/wlb/VmShare/STM32-build-in-linux/st_in_linux/debug/obj/os_time.o
                0x08001488                OSTimeDly
 .text.OSTimeDlyHMSM
                0x080014e8       0x48 /home/wlb/wlb/VmShare/STM32-build-in-linux/st_in_linux/debug/obj/os_time.o
                0x080014e8                OSTimeDlyHMSM
 .text.OSTaskCreate
                0x08001530       0x8c /home/wlb/wlb/VmShare/STM32-build-in-linux/st_in_linux/debug/obj/os_task.o
                0x08001530                OSTaskCreate
 .text.OSTaskNameSet
                0x080015bc       0x50 /home/wlb/wlb/VmShare/STM32-build-in-linux/st_in_linux/debug/obj/os_task.o
                0x080015bc                OSTaskNameSet
 .text.OSTaskStkChk
                0x0800160c       0x68 /home/wlb/wlb/VmShare/STM32-build-in-linux/st_in_linux/debug/obj/os_task.o
                0x0800160c                OSTaskStkChk
 .text.OSTaskSuspend
                0x08001674       0x8c /home/wlb/wlb/VmShare/STM32-build-in-linux/st_in_linux/debug/obj/os_task.o
                0x08001674                OSTaskSuspend
 .text.OS_TaskStkClr
                0x08001700       0x16 /home/wlb/wlb/VmShare/STM32-build-in-linux/st_in_linux/debug/obj/os_task.o
                0x08001700                OS_TaskStkClr
 *fill*         0x08001716        0x2 
 .text.OSTaskCreateExt
                0x08001718       0xa4 /home/wlb/wlb/VmShare/STM32-build-in-linux/st_in_linux/debug/obj/os_task.o
                0x08001718                OSTaskCreateExt
 .text.OS_MemInit
                0x080017bc       0x48 /home/wlb/wlb/VmShare/STM32-build-in-linux/st_in_linux/debug/obj/os_mem.o
                0x080017bc                OS_MemInit
 .text.OSQCreate
                0x08001804       0x7c /home/wlb/wlb/VmShare/STM32-build-in-linux/st_in_linux/debug/obj/os_q.o
                0x08001804                OSQCreate
 .text.OSQPend  0x08001880       0xd4 /home/wlb/wlb/VmShare/STM32-build-in-linux/st_in_linux/debug/obj/os_q.o
                0x08001880                OSQPend
 .text.OS_QInit
                0x08001954       0x30 /home/wlb/wlb/VmShare/STM32-build-in-linux/st_in_linux/debug/obj/os_q.o
                0x08001954                OS_QInit
 .text.startup.main
                0x08001984       0x50 /home/wlb/wlb/VmShare/STM32-build-in-linux/st_in_linux/debug/obj/main.o
                0x08001984                main
 .text.NMI_Handler
                0x080019d4        0x2 /home/wlb/wlb/VmShare/STM32-build-in-linux/st_in_linux/debug/obj/stm32f10x_it.o
                0x080019d4                NMI_Handler
 .text.HardFault_Handler
                0x080019d6        0x2 /home/wlb/wlb/VmShare/STM32-build-in-linux/st_in_linux/debug/obj/stm32f10x_it.o
                0x080019d6                HardFault_Handler
 .text.MemManage_Handler
                0x080019d8        0x2 /home/wlb/wlb/VmShare/STM32-build-in-linux/st_in_linux/debug/obj/stm32f10x_it.o
                0x080019d8                MemManage_Handler
 .text.BusFault_Handler
                0x080019da        0x2 /home/wlb/wlb/VmShare/STM32-build-in-linux/st_in_linux/debug/obj/stm32f10x_it.o
                0x080019da                BusFault_Handler
 .text.UsageFault_Handler
                0x080019dc        0x2 /home/wlb/wlb/VmShare/STM32-build-in-linux/st_in_linux/debug/obj/stm32f10x_it.o
                0x080019dc                UsageFault_Handler
 .text.SVC_Handler
                0x080019de        0x2 /home/wlb/wlb/VmShare/STM32-build-in-linux/st_in_linux/debug/obj/stm32f10x_it.o
                0x080019de                SVC_Handler
 .text.DebugMon_Handler
                0x080019e0        0x2 /home/wlb/wlb/VmShare/STM32-build-in-linux/st_in_linux/debug/obj/stm32f10x_it.o
                0x080019e0                DebugMon_Handler
 .text.SysTick_Handler
                0x080019e2       0x12 /home/wlb/wlb/VmShare/STM32-build-in-linux/st_in_linux/debug/obj/stm32f10x_it.o
                0x080019e2                SysTick_Handler
 .text.USART1_IRQHandler
                0x080019f4       0x28 /home/wlb/wlb/VmShare/STM32-build-in-linux/st_in_linux/debug/obj/stm32f10x_it.o
                0x080019f4                USART1_IRQHandler
 .text.OSInitHookBegin
                0x08001a1c        0x2 /home/wlb/wlb/VmShare/STM32-build-in-linux/st_in_linux/debug/obj/os_cpu_c.o
                0x08001a1c                OSInitHookBegin
 .text.OSInitHookEnd
                0x08001a1e        0x2 /home/wlb/wlb/VmShare/STM32-build-in-linux/st_in_linux/debug/obj/os_cpu_c.o
                0x08001a1e                OSInitHookEnd
 .text.OSTaskCreateHook
                0x08001a20        0x2 /home/wlb/wlb/VmShare/STM32-build-in-linux/st_in_linux/debug/obj/os_cpu_c.o
                0x08001a20                OSTaskCreateHook
 .text.OSTaskIdleHook
                0x08001a22        0x2 /home/wlb/wlb/VmShare/STM32-build-in-linux/st_in_linux/debug/obj/os_cpu_c.o
                0x08001a22                OSTaskIdleHook
 .text.OSTaskStatHook
                0x08001a24        0x2 /home/wlb/wlb/VmShare/STM32-build-in-linux/st_in_linux/debug/obj/os_cpu_c.o
                0x08001a24                OSTaskStatHook
 .text.OSTaskStkInit
                0x08001a26       0x7a /home/wlb/wlb/VmShare/STM32-build-in-linux/st_in_linux/debug/obj/os_cpu_c.o
                0x08001a26                OSTaskStkInit
 .text.OSTaskSwHook
                0x08001aa0        0x2 /home/wlb/wlb/VmShare/STM32-build-in-linux/st_in_linux/debug/obj/os_cpu_c.o
                0x08001aa0                OSTaskSwHook
 .text.OSTCBInitHook
                0x08001aa2        0x2 /home/wlb/wlb/VmShare/STM32-build-in-linux/st_in_linux/debug/obj/os_cpu_c.o
                0x08001aa2                OSTCBInitHook
 .text.OSTimeTickHook
                0x08001aa4        0x2 /home/wlb/wlb/VmShare/STM32-build-in-linux/st_in_linux/debug/obj/os_cpu_c.o
                0x08001aa4                OSTimeTickHook
 *fill*         0x08001aa6        0x2 
 .text.Task_LED0
                0x08001aa8       0x34 /home/wlb/wlb/VmShare/STM32-build-in-linux/st_in_linux/debug/obj/app.o
                0x08001aa8                Task_LED0
 .text.Task_LED2
                0x08001adc       0x30 /home/wlb/wlb/VmShare/STM32-build-in-linux/st_in_linux/debug/obj/app.o
                0x08001adc                Task_LED2
 .text.Task_LED1
                0x08001b0c       0x28 /home/wlb/wlb/VmShare/STM32-build-in-linux/st_in_linux/debug/obj/app.o
                0x08001b0c                Task_LED1
 .text.Task_Usart
                0x08001b34       0x6c /home/wlb/wlb/VmShare/STM32-build-in-linux/st_in_linux/debug/obj/app.o
                0x08001b34                Task_Usart
 .text.Task_LCD
                0x08001ba0       0xb4 /home/wlb/wlb/VmShare/STM32-build-in-linux/st_in_linux/debug/obj/app.o
                0x08001ba0                Task_LCD
 .text.Task_Star
                0x08001c54       0x9c /home/wlb/wlb/VmShare/STM32-build-in-linux/st_in_linux/debug/obj/app.o
                0x08001c54                Task_Star
 .text.Reset_Handler
                0x08001cf0       0x44 /home/wlb/wlb/VmShare/STM32-build-in-linux/st_in_linux/debug/obj/startup_stm32f10x_hd.o
                0x08001cf0                Reset_Handler
 .text.Default_Handler
                0x08001d34        0x2 /home/wlb/wlb/VmShare/STM32-build-in-linux/st_in_linux/debug/obj/startup_stm32f10x_hd.o
                0x08001d34                EXTI2_IRQHandler
                0x08001d34                TIM8_TRG_COM_IRQHandler
                0x08001d34                TIM8_CC_IRQHandler
                0x08001d34                TIM1_CC_IRQHandler
                0x08001d34                TIM6_IRQHandler
                0x08001d34                PVD_IRQHandler
                0x08001d34                SDIO_IRQHandler
                0x08001d34                EXTI3_IRQHandler
                0x08001d34                EXTI0_IRQHandler
                0x08001d34                I2C2_EV_IRQHandler
                0x08001d34                ADC1_2_IRQHandler
                0x08001d34                SPI1_IRQHandler
                0x08001d34                TAMPER_IRQHandler
                0x08001d34                TIM8_UP_IRQHandler
                0x08001d34                DMA2_Channel2_IRQHandler
                0x08001d34                DMA1_Channel4_IRQHandler
                0x08001d34                USART3_IRQHandler
                0x08001d34                RTC_IRQHandler
                0x08001d34                DMA1_Channel7_IRQHandler
                0x08001d34                CAN1_RX1_IRQHandler
                0x08001d34                UART5_IRQHandler
                0x08001d34                ADC3_IRQHandler
                0x08001d34                TIM4_IRQHandler
                0x08001d34                DMA2_Channel1_IRQHandler
                0x08001d34                I2C1_EV_IRQHandler
                0x08001d34                DMA1_Channel6_IRQHandler
                0x08001d34                UART4_IRQHandler
                0x08001d34                TIM3_IRQHandler
                0x08001d34                RCC_IRQHandler
                0x08001d34                TIM1_TRG_COM_IRQHandler
                0x08001d34                DMA1_Channel1_IRQHandler
                0x08001d34                Default_Handler
                0x08001d34                EXTI15_10_IRQHandler
                0x08001d34                TIM7_IRQHandler
                0x08001d34                TIM5_IRQHandler
                0x08001d34                EXTI9_5_IRQHandler
                0x08001d34                SPI2_IRQHandler
                0x08001d34                DMA1_Channel5_IRQHandler
                0x08001d34                EXTI4_IRQHandler
                0x08001d34                USB_LP_CAN1_RX0_IRQHandler
                0x08001d34                USB_HP_CAN1_TX_IRQHandler
                0x08001d34                DMA1_Channel3_IRQHandler
                0x08001d34                FSMC_IRQHandler
                0x08001d34                TIM1_UP_IRQHandler
                0x08001d34                WWDG_IRQHandler
                0x08001d34                TIM2_IRQHandler
                0x08001d34                TIM1_BRK_IRQHandler
                0x08001d34                EXTI1_IRQHandler
                0x08001d34                RTCAlarm_IRQHandler
                0x08001d34                DMA2_Channel4_5_IRQHandler
                0x08001d34                USART2_IRQHandler
                0x08001d34                I2C2_ER_IRQHandler
                0x08001d34                DMA1_Channel2_IRQHandler
                0x08001d34                TIM8_BRK_IRQHandler
                0x08001d34                CAN1_SCE_IRQHandler
                0x08001d34                FLASH_IRQHandler
                0x08001d34                SPI3_IRQHandler
                0x08001d34                I2C1_ER_IRQHandler
                0x08001d34                USBWakeUp_IRQHandler
                0x08001d34                DMA2_Channel3_IRQHandler
 *(.rodata)
 *(.rodata*)
 .rodata.codeGB_16
                0x08001d36      0x3da /home/wlb/wlb/VmShare/STM32-build-in-linux/st_in_linux/debug/obj/LCD_SSD1289.o
                0x08001d36                codeGB_16
 .rodata.Font8x16
                0x08002110      0x800 /home/wlb/wlb/VmShare/STM32-build-in-linux/st_in_linux/debug/obj/LCD_SSD1289.o
                0x08002110                Font8x16
 .rodata.OSUnMapTbl
                0x08002910      0x100 /home/wlb/wlb/VmShare/STM32-build-in-linux/st_in_linux/debug/obj/os_core.o
                0x08002910                OSUnMapTbl
 .rodata.str1.1
                0x08002a10       0x1e /home/wlb/wlb/VmShare/STM32-build-in-linux/st_in_linux/debug/obj/os_core.o
 .rodata.str1.1
                0x08002a2e        0x2 /home/wlb/wlb/VmShare/STM32-build-in-linux/st_in_linux/debug/obj/os_mem.o
 .rodata.str1.1
                0x08002a2e        0x5 /home/wlb/wlb/VmShare/STM32-build-in-linux/st_in_linux/debug/obj/main.o
 .rodata.picture1
                0x08002a33    0x15188 /home/wlb/wlb/VmShare/STM32-build-in-linux/st_in_linux/debug/obj/app.o
                0x08002a33                picture1
 .rodata.str1.1
                0x08017bbb       0x84 /home/wlb/wlb/VmShare/STM32-build-in-linux/st_in_linux/debug/obj/app.o
                                 0x87 (size before relaxing)
 *(.glue_7)
 .glue_7        0x08017c3f        0x0 linker stubs
 *(.glue_7t)
 .glue_7t       0x08017c3f        0x0 linker stubs
 *(.init)
 *fill*         0x08017c3f        0x1 
 .init          0x08017c40        0x4 /usr/local/arm/gcc-arm-none-eabi/bin/../lib/gcc/arm-none-eabi/5.2.1/armv7-m/crti.o
                0x08017c40                _init
 .init          0x08017c44        0x8 /usr/local/arm/gcc-arm-none-eabi/bin/../lib/gcc/arm-none-eabi/5.2.1/armv7-m/crtn.o
 *(.fini)
 .fini          0x08017c4c        0x4 /usr/local/arm/gcc-arm-none-eabi/bin/../lib/gcc/arm-none-eabi/5.2.1/armv7-m/crti.o
                0x08017c4c                _fini
 .fini          0x08017c50        0x8 /usr/local/arm/gcc-arm-none-eabi/bin/../lib/gcc/arm-none-eabi/5.2.1/armv7-m/crtn.o
                0x08017c58                . = ALIGN (0x4)
                0x08017c58                _etext = .

.vfp11_veneer   0x08017c58        0x0
 .vfp11_veneer  0x08017c58        0x0 linker stubs

.v4_bx          0x08017c58        0x0
 .v4_bx         0x08017c58        0x0 linker stubs

.iplt           0x08017c58        0x0
 .iplt          0x08017c58        0x0 /usr/local/arm/gcc-arm-none-eabi/bin/../lib/gcc/arm-none-eabi/5.2.1/armv7-m/crtbegin.o

.rel.dyn        0x08017c58        0x0
 .rel.iplt      0x08017c58        0x0 /usr/local/arm/gcc-arm-none-eabi/bin/../lib/gcc/arm-none-eabi/5.2.1/armv7-m/crtbegin.o

.ARM.extab
 *(.ARM.extab* .gnu.linkonce.armextab.*)

.ARM            0x08017c58        0x0
                0x08017c58                __exidx_start = .
 *(.ARM.exidx*)
                0x08017c58                __exidx_end = .

.ARM.attributes
                0x08017c58       0x29
 *(.ARM.attributes)
 .ARM.attributes
                0x08017c58       0x1d /usr/local/arm/gcc-arm-none-eabi/bin/../lib/gcc/arm-none-eabi/5.2.1/armv7-m/crti.o
 .ARM.attributes
                0x08017c75       0x2d /usr/local/arm/gcc-arm-none-eabi/bin/../lib/gcc/arm-none-eabi/5.2.1/armv7-m/crtbegin.o
 .ARM.attributes
                0x08017ca2       0x33 /home/wlb/wlb/VmShare/STM32-build-in-linux/st_in_linux/debug/obj/stm32f10x_fsmc.o
 .ARM.attributes
                0x08017cd5       0x33 /home/wlb/wlb/VmShare/STM32-build-in-linux/st_in_linux/debug/obj/stm32f10x_gpio.o
 .ARM.attributes
                0x08017d08       0x33 /home/wlb/wlb/VmShare/STM32-build-in-linux/st_in_linux/debug/obj/stm32f10x_rcc.o
 .ARM.attributes
                0x08017d3b       0x33 /home/wlb/wlb/VmShare/STM32-build-in-linux/st_in_linux/debug/obj/misc.o
 .ARM.attributes
                0x08017d6e       0x33 /home/wlb/wlb/VmShare/STM32-build-in-linux/st_in_linux/debug/obj/stm32f10x_usart.o
 .ARM.attributes
                0x08017da1       0x33 /home/wlb/wlb/VmShare/STM32-build-in-linux/st_in_linux/debug/obj/system_stm32f10x.o
 .ARM.attributes
                0x08017dd4       0x33 /home/wlb/wlb/VmShare/STM32-build-in-linux/st_in_linux/debug/obj/LCD_SSD1289.o
 .ARM.attributes
                0x08017e07       0x33 /home/wlb/wlb/VmShare/STM32-build-in-linux/st_in_linux/debug/obj/led.o
 .ARM.attributes
                0x08017e3a       0x33 /home/wlb/wlb/VmShare/STM32-build-in-linux/st_in_linux/debug/obj/uart.o
 .ARM.attributes
                0x08017e6d       0x33 /home/wlb/wlb/VmShare/STM32-build-in-linux/st_in_linux/debug/obj/BSP.o
 .ARM.attributes
                0x08017ea0       0x33 /home/wlb/wlb/VmShare/STM32-build-in-linux/st_in_linux/debug/obj/os_core.o
 .ARM.attributes
                0x08017ed3       0x33 /home/wlb/wlb/VmShare/STM32-build-in-linux/st_in_linux/debug/obj/os_time.o
 .ARM.attributes
                0x08017f06       0x33 /home/wlb/wlb/VmShare/STM32-build-in-linux/st_in_linux/debug/obj/os_task.o
 .ARM.attributes
                0x08017f39       0x33 /home/wlb/wlb/VmShare/STM32-build-in-linux/st_in_linux/debug/obj/os_mem.o
 .ARM.attributes
                0x08017f6c       0x33 /home/wlb/wlb/VmShare/STM32-build-in-linux/st_in_linux/debug/obj/os_q.o
 .ARM.attributes
                0x08017f9f       0x33 /home/wlb/wlb/VmShare/STM32-build-in-linux/st_in_linux/debug/obj/main.o
 .ARM.attributes
                0x08017fd2       0x33 /home/wlb/wlb/VmShare/STM32-build-in-linux/st_in_linux/debug/obj/stm32f10x_it.o
 .ARM.attributes
                0x08018005       0x33 /home/wlb/wlb/VmShare/STM32-build-in-linux/st_in_linux/debug/obj/os_cpu_c.o
 .ARM.attributes
                0x08018038       0x33 /home/wlb/wlb/VmShare/STM32-build-in-linux/st_in_linux/debug/obj/app.o
 .ARM.attributes
                0x0801806b       0x21 /home/wlb/wlb/VmShare/STM32-build-in-linux/st_in_linux/debug/obj/startup_stm32f10x_hd.o
 .ARM.attributes
                0x0801808c       0x21 /home/wlb/wlb/VmShare/STM32-build-in-linux/st_in_linux/debug/obj/os_cpu_a.o
 .ARM.attributes
                0x080180ad       0x2d /usr/local/arm/gcc-arm-none-eabi/bin/../lib/gcc/arm-none-eabi/5.2.1/armv7-m/crtend.o
 .ARM.attributes
                0x080180da       0x1d /usr/local/arm/gcc-arm-none-eabi/bin/../lib/gcc/arm-none-eabi/5.2.1/armv7-m/crtn.o

.preinit_array  0x08017c58        0x0
                0x08017c58                PROVIDE (__preinit_array_start, .)
 *(.preinit_array*)
                0x08017c58                PROVIDE (__preinit_array_end, .)

.init_array     0x08017c58        0x4
                0x08017c58                PROVIDE (__init_array_start, .)
 *(SORT(.init_array.*))
 *(.init_array*)
 .init_array    0x08017c58        0x4 /usr/local/arm/gcc-arm-none-eabi/bin/../lib/gcc/arm-none-eabi/5.2.1/armv7-m/crtbegin.o
                0x08017c5c                PROVIDE (__init_array_end, .)

.fini_array     0x08017c5c        0x4
                [!provide]                PROVIDE (__fini_array_start, .)
 *(.fini_array*)
 .fini_array    0x08017c5c        0x4 /usr/local/arm/gcc-arm-none-eabi/bin/../lib/gcc/arm-none-eabi/5.2.1/armv7-m/crtbegin.o
 *(SORT(.fini_array.*))
                [!provide]                PROVIDE (__fini_array_end, .)
                0x08017c60                _sidata = .

.data           0x20000000       0x18 load address 0x08017c60
                0x20000000                . = ALIGN (0x4)
                0x20000000                _sdata = .
 *(.data)
 *(.data*)
 .data.ADCPrescTable
                0x20000000        0x4 /home/wlb/wlb/VmShare/STM32-build-in-linux/st_in_linux/debug/obj/stm32f10x_rcc.o
 .data.APBAHBPrescTable
                0x20000004       0x10 /home/wlb/wlb/VmShare/STM32-build-in-linux/st_in_linux/debug/obj/stm32f10x_rcc.o
 .data.SystemCoreClock
                0x20000014        0x4 /home/wlb/wlb/VmShare/STM32-build-in-linux/st_in_linux/debug/obj/system_stm32f10x.o
                0x20000014                SystemCoreClock
                0x20000018                . = ALIGN (0x4)
                0x20000018                _edata = .

.jcr            0x20000018        0x0 load address 0x08017c78
 .jcr           0x20000018        0x0 /usr/local/arm/gcc-arm-none-eabi/bin/../lib/gcc/arm-none-eabi/5.2.1/armv7-m/crtbegin.o

.tm_clone_table
                0x20000018        0x0 load address 0x08017c78
 .tm_clone_table
                0x20000018        0x0 /usr/local/arm/gcc-arm-none-eabi/bin/../lib/gcc/arm-none-eabi/5.2.1/armv7-m/crtbegin.o
 .tm_clone_table
                0x20000018        0x0 /usr/local/arm/gcc-arm-none-eabi/bin/../lib/gcc/arm-none-eabi/5.2.1/armv7-m/crtend.o

.igot.plt       0x20000018        0x0 load address 0x08017c78
 .igot.plt      0x20000018        0x0 /usr/local/arm/gcc-arm-none-eabi/bin/../lib/gcc/arm-none-eabi/5.2.1/armv7-m/crtbegin.o
                0x20000018                . = ALIGN (0x4)

.bss            0x20000018     0x129c load address 0x08017c78
                0x20000018                _sbss = .
                0x20000018                __bss_start__ = _sbss
 *(.bss)
 .bss           0x20000018       0x1c /usr/local/arm/gcc-arm-none-eabi/bin/../lib/gcc/arm-none-eabi/5.2.1/armv7-m/crtbegin.o
 *(.bss*)
 .bss.char_or_word
                0x20000034        0x1 /home/wlb/wlb/VmShare/STM32-build-in-linux/st_in_linux/debug/obj/LCD_SSD1289.o
                0x20000034                char_or_word
 .bss.horizontal_or_vertical
                0x20000035        0x1 /home/wlb/wlb/VmShare/STM32-build-in-linux/st_in_linux/debug/obj/LCD_SSD1289.o
                0x20000035                horizontal_or_vertical
 *fill*         0x20000036        0x2 
 .bss.startup_task_stk
                0x20000038       0x9c /home/wlb/wlb/VmShare/STM32-build-in-linux/st_in_linux/debug/obj/main.o
 .bss.startup_task_LED0
                0x200000d4       0xa0 /home/wlb/wlb/VmShare/STM32-build-in-linux/st_in_linux/debug/obj/app.o
 .bss.startup_task_LED2
                0x20000174       0xa0 /home/wlb/wlb/VmShare/STM32-build-in-linux/st_in_linux/debug/obj/app.o
 .bss.startup_task_LED1
                0x20000214       0xa0 /home/wlb/wlb/VmShare/STM32-build-in-linux/st_in_linux/debug/obj/app.o
 .bss.startup_task_LCD
                0x200002b4      0x140 /home/wlb/wlb/VmShare/STM32-build-in-linux/st_in_linux/debug/obj/app.o
 .bss.startup_task_USART
                0x200003f4      0x140 /home/wlb/wlb/VmShare/STM32-build-in-linux/st_in_linux/debug/obj/app.o
 *(COMMON)
 COMMON         0x20000534      0xd7c /home/wlb/wlb/VmShare/STM32-build-in-linux/st_in_linux/debug/obj/os_core.o
                0x20000534                OSLockNesting
                0x20000535                OSRunning
                0x20000538                OSIdleCtr
                0x2000053c                OSPrioHighRdy
                0x2000053d                OSPrioCur
                0x20000540                OSTCBList
                0x20000544                OSMemTbl
                0x200005bc                OSTickStepState
                0x200005c0                OSTaskStatStk
                0x200007c0                OSCtxSwCtr
                0x200007c4                OSIdleCtrMax
                0x200007c8                OSTCBFreeList
                0x200007cc                OSCPUUsage
                0x200007cd                OSTaskCtr
                0x200007d0                OSMemFreeList
                0x200007d4                OSQTbl
                0x20000834                OSTCBHighRdy
                0x20000838                OSQFreeList
                0x2000083c                OSRdyGrp
                0x2000083d                OSRdyTbl
                0x20000848                OSEventFreeList
                0x2000084c                OSIntNesting
                0x20000850                OSTCBCur
                0x20000854                OSTime
                0x20000858                OSTaskIdleStk
                0x20000a58                OSEventTbl
                0x20000b20                OSTCBTbl
                0x200011a8                OSStatRdy
                0x200011ac                OSTCBPrioTbl
                0x200012ac                OSIdleCtrRun
 COMMON         0x200012b0        0x4 /home/wlb/wlb/VmShare/STM32-build-in-linux/st_in_linux/debug/obj/main.o
                0x200012b0                USART_Q
                0x200012b4                . = ALIGN (0x4)
                0x200012b4                _ebss = .
                0x200012b4                __bss_end__ = _ebss
                [!provide]                PROVIDE (end, _ebss)
                [!provide]                PROVIDE (_end, _ebss)

._user_heap_stack
                0x200012b4      0x200 load address 0x08018f14
                0x200012b4                . = ALIGN (0x4)
                0x200012b4                . = (. + _Min_Heap_Size)
                0x200014b4                . = (. + _Min_Stack_Size)
 *fill*         0x200012b4      0x200 
                0x200014b4                . = ALIGN (0x4)

.memory_b1_text
 *(.mb1text)
 *(.mb1text*)
 *(.mb1rodata)
 *(.mb1rodata*)

/DISCARD/
 libc.a(*)
 libm.a(*)
 libgcc.a(*)
OUTPUT(debug/Exc/Project.elf elf32-littlearm)

.comment        0x00000000       0x6e
 .comment       0x00000000       0x6e /home/wlb/wlb/VmShare/STM32-build-in-linux/st_in_linux/debug/obj/stm32f10x_fsmc.o
                                 0x6f (size before relaxing)
 .comment       0x0000006e       0x6f /home/wlb/wlb/VmShare/STM32-build-in-linux/st_in_linux/debug/obj/stm32f10x_gpio.o
 .comment       0x0000006e       0x6f /home/wlb/wlb/VmShare/STM32-build-in-linux/st_in_linux/debug/obj/stm32f10x_rcc.o
 .comment       0x0000006e       0x6f /home/wlb/wlb/VmShare/STM32-build-in-linux/st_in_linux/debug/obj/misc.o
 .comment       0x0000006e       0x6f /home/wlb/wlb/VmShare/STM32-build-in-linux/st_in_linux/debug/obj/stm32f10x_usart.o
 .comment       0x0000006e       0x6f /home/wlb/wlb/VmShare/STM32-build-in-linux/st_in_linux/debug/obj/system_stm32f10x.o
 .comment       0x0000006e       0x6f /home/wlb/wlb/VmShare/STM32-build-in-linux/st_in_linux/debug/obj/LCD_SSD1289.o
 .comment       0x0000006e       0x6f /home/wlb/wlb/VmShare/STM32-build-in-linux/st_in_linux/debug/obj/led.o
 .comment       0x0000006e       0x6f /home/wlb/wlb/VmShare/STM32-build-in-linux/st_in_linux/debug/obj/uart.o
 .comment       0x0000006e       0x6f /home/wlb/wlb/VmShare/STM32-build-in-linux/st_in_linux/debug/obj/BSP.o
 .comment       0x0000006e       0x6f /home/wlb/wlb/VmShare/STM32-build-in-linux/st_in_linux/debug/obj/os_core.o
 .comment       0x0000006e       0x6f /home/wlb/wlb/VmShare/STM32-build-in-linux/st_in_linux/debug/obj/os_time.o
 .comment       0x0000006e       0x6f /home/wlb/wlb/VmShare/STM32-build-in-linux/st_in_linux/debug/obj/os_task.o
 .comment       0x0000006e       0x6f /home/wlb/wlb/VmShare/STM32-build-in-linux/st_in_linux/debug/obj/os_mem.o
 .comment       0x0000006e       0x6f /home/wlb/wlb/VmShare/STM32-build-in-linux/st_in_linux/debug/obj/os_q.o
 .comment       0x0000006e       0x6f /home/wlb/wlb/VmShare/STM32-build-in-linux/st_in_linux/debug/obj/main.o
 .comment       0x0000006e       0x6f /home/wlb/wlb/VmShare/STM32-build-in-linux/st_in_linux/debug/obj/stm32f10x_it.o
 .comment       0x0000006e       0x6f /home/wlb/wlb/VmShare/STM32-build-in-linux/st_in_linux/debug/obj/os_cpu_c.o
 .comment       0x0000006e       0x6f /home/wlb/wlb/VmShare/STM32-build-in-linux/st_in_linux/debug/obj/app.o
