Archive member included to satisfy reference by file (symbol)

/home/wanglinbin/ST/gcc-arm-none-eabi/bin/../lib/gcc/arm-none-eabi/5.2.1/../../../../arm-none-eabi/lib/armv7-m/libc_nano.a(lib_a-exit.o)
                              /home/wanglinbin/ST/gcc-arm-none-eabi/bin/../lib/gcc/arm-none-eabi/5.2.1/../../../../arm-none-eabi/lib/armv7-m/crt0.o (exit)
/home/wanglinbin/ST/gcc-arm-none-eabi/bin/../lib/gcc/arm-none-eabi/5.2.1/../../../../arm-none-eabi/lib/armv7-m/libc_nano.a(lib_a-impure.o)
                              /home/wanglinbin/ST/gcc-arm-none-eabi/bin/../lib/gcc/arm-none-eabi/5.2.1/../../../../arm-none-eabi/lib/armv7-m/libc_nano.a(lib_a-exit.o) (_global_impure_ptr)
/home/wanglinbin/ST/gcc-arm-none-eabi/bin/../lib/gcc/arm-none-eabi/5.2.1/../../../../arm-none-eabi/lib/armv7-m/libc_nano.a(lib_a-init.o)
                              /home/wanglinbin/ST/gcc-arm-none-eabi/bin/../lib/gcc/arm-none-eabi/5.2.1/../../../../arm-none-eabi/lib/armv7-m/crt0.o (__libc_init_array)
/home/wanglinbin/ST/gcc-arm-none-eabi/bin/../lib/gcc/arm-none-eabi/5.2.1/../../../../arm-none-eabi/lib/armv7-m/libc_nano.a(lib_a-memset.o)
                              /home/wanglinbin/ST/gcc-arm-none-eabi/bin/../lib/gcc/arm-none-eabi/5.2.1/../../../../arm-none-eabi/lib/armv7-m/crt0.o (memset)

Discarded input sections

 .text          0x00000000        0x0 /home/wanglinbin/ST/gcc-arm-none-eabi/bin/../lib/gcc/arm-none-eabi/5.2.1/armv7-m/crti.o
 .data          0x00000000        0x0 /home/wanglinbin/ST/gcc-arm-none-eabi/bin/../lib/gcc/arm-none-eabi/5.2.1/armv7-m/crti.o
 .bss           0x00000000        0x0 /home/wanglinbin/ST/gcc-arm-none-eabi/bin/../lib/gcc/arm-none-eabi/5.2.1/armv7-m/crti.o
 .data          0x00000000        0x4 /home/wanglinbin/ST/gcc-arm-none-eabi/bin/../lib/gcc/arm-none-eabi/5.2.1/armv7-m/crtbegin.o
 .text          0x00000000       0x74 /home/wanglinbin/ST/gcc-arm-none-eabi/bin/../lib/gcc/arm-none-eabi/5.2.1/../../../../arm-none-eabi/lib/armv7-m/crt0.o
 .data          0x00000000        0x0 /home/wanglinbin/ST/gcc-arm-none-eabi/bin/../lib/gcc/arm-none-eabi/5.2.1/../../../../arm-none-eabi/lib/armv7-m/crt0.o
 .bss           0x00000000        0x0 /home/wanglinbin/ST/gcc-arm-none-eabi/bin/../lib/gcc/arm-none-eabi/5.2.1/../../../../arm-none-eabi/lib/armv7-m/crt0.o
 .ARM.extab     0x00000000        0x0 /home/wanglinbin/ST/gcc-arm-none-eabi/bin/../lib/gcc/arm-none-eabi/5.2.1/../../../../arm-none-eabi/lib/armv7-m/crt0.o
 .ARM.exidx     0x00000000        0x8 /home/wanglinbin/ST/gcc-arm-none-eabi/bin/../lib/gcc/arm-none-eabi/5.2.1/../../../../arm-none-eabi/lib/armv7-m/crt0.o
 .ARM.attributes
                0x00000000       0x1b /home/wanglinbin/ST/gcc-arm-none-eabi/bin/../lib/gcc/arm-none-eabi/5.2.1/../../../../arm-none-eabi/lib/armv7-m/crt0.o
 .text          0x00000000        0x0 /home/wanglinbin/ST/STM32-build-in-linux/st_in_linux/debug/obj/main.o
 .data          0x00000000        0x0 /home/wanglinbin/ST/STM32-build-in-linux/st_in_linux/debug/obj/main.o
 .bss           0x00000000        0x0 /home/wanglinbin/ST/STM32-build-in-linux/st_in_linux/debug/obj/main.o
 .text          0x00000000        0x0 /home/wanglinbin/ST/STM32-build-in-linux/st_in_linux/debug/obj/misc.o
 .data          0x00000000        0x0 /home/wanglinbin/ST/STM32-build-in-linux/st_in_linux/debug/obj/misc.o
 .bss           0x00000000        0x0 /home/wanglinbin/ST/STM32-build-in-linux/st_in_linux/debug/obj/misc.o
 .text.NVIC_SetVectorTable
                0x00000000       0x14 /home/wanglinbin/ST/STM32-build-in-linux/st_in_linux/debug/obj/misc.o
 .text.NVIC_SystemLPConfig
                0x00000000       0x18 /home/wanglinbin/ST/STM32-build-in-linux/st_in_linux/debug/obj/misc.o
 .text.SysTick_CLKSourceConfig
                0x00000000       0x18 /home/wanglinbin/ST/STM32-build-in-linux/st_in_linux/debug/obj/misc.o
 .text          0x00000000       0x14 /home/wanglinbin/ST/STM32-build-in-linux/st_in_linux/debug/obj/startup_stm32f10x_hd.o
 .data          0x00000000        0x0 /home/wanglinbin/ST/STM32-build-in-linux/st_in_linux/debug/obj/startup_stm32f10x_hd.o
 .bss           0x00000000        0x0 /home/wanglinbin/ST/STM32-build-in-linux/st_in_linux/debug/obj/startup_stm32f10x_hd.o
 .text          0x00000000        0x0 /home/wanglinbin/ST/STM32-build-in-linux/st_in_linux/debug/obj/stm32f10x_adc.o
 .data          0x00000000        0x0 /home/wanglinbin/ST/STM32-build-in-linux/st_in_linux/debug/obj/stm32f10x_adc.o
 .bss           0x00000000        0x0 /home/wanglinbin/ST/STM32-build-in-linux/st_in_linux/debug/obj/stm32f10x_adc.o
 .text.ADC_DeInit
                0x00000000       0x60 /home/wanglinbin/ST/STM32-build-in-linux/st_in_linux/debug/obj/stm32f10x_adc.o
 .text.ADC_Init
                0x00000000       0x48 /home/wanglinbin/ST/STM32-build-in-linux/st_in_linux/debug/obj/stm32f10x_adc.o
 .text.ADC_StructInit
                0x00000000       0x12 /home/wanglinbin/ST/STM32-build-in-linux/st_in_linux/debug/obj/stm32f10x_adc.o
[...]
Memory Configuration

Name             Origin             Length             Attributes
FLASH            0x08000000         0x00080000         xr
RAM              0x20000000         0x00010000         xrw
MEMORY_B1        0x60000000         0x00000000         xr
*default*        0x00000000         0xffffffff

Linker script and memory map

LOAD /home/wanglinbin/ST/gcc-arm-none-eabi/bin/../lib/gcc/arm-none-eabi/5.2.1/armv7-m/crti.o
LOAD /home/wanglinbin/ST/gcc-arm-none-eabi/bin/../lib/gcc/arm-none-eabi/5.2.1/armv7-m/crtbegin.o
LOAD /home/wanglinbin/ST/gcc-arm-none-eabi/bin/../lib/gcc/arm-none-eabi/5.2.1/../../../../arm-none-eabi/lib/armv7-m/crt0.o
LOAD /home/wanglinbin/ST/STM32-build-in-linux/st_in_linux/debug/obj/main.o
LOAD /home/wanglinbin/ST/STM32-build-in-linux/st_in_linux/debug/obj/misc.o
LOAD /home/wanglinbin/ST/STM32-build-in-linux/st_in_linux/debug/obj/startup_stm32f10x_hd.o
LOAD /home/wanglinbin/ST/STM32-build-in-linux/st_in_linux/debug/obj/stm32f10x_adc.o
LOAD /home/wanglinbin/ST/STM32-build-in-linux/st_in_linux/debug/obj/stm32f10x_bkp.o
LOAD /home/wanglinbin/ST/STM32-build-in-linux/st_in_linux/debug/obj/stm32f10x_can.o
LOAD /home/wanglinbin/ST/STM32-build-in-linux/st_in_linux/debug/obj/stm32f10x_cec.o
LOAD /home/wanglinbin/ST/STM32-build-in-linux/st_in_linux/debug/obj/stm32f10x_crc.o
LOAD /home/wanglinbin/ST/STM32-build-in-linux/st_in_linux/debug/obj/stm32f10x_dac.o
LOAD /home/wanglinbin/ST/STM32-build-in-linux/st_in_linux/debug/obj/stm32f10x_dbgmcu.o
LOAD /home/wanglinbin/ST/STM32-build-in-linux/st_in_linux/debug/obj/stm32f10x_dma.o
LOAD /home/wanglinbin/ST/STM32-build-in-linux/st_in_linux/debug/obj/stm32f10x_exti.o
LOAD /home/wanglinbin/ST/STM32-build-in-linux/st_in_linux/debug/obj/stm32f10x_flash.o
LOAD /home/wanglinbin/ST/STM32-build-in-linux/st_in_linux/debug/obj/stm32f10x_fsmc.o
LOAD /home/wanglinbin/ST/STM32-build-in-linux/st_in_linux/debug/obj/stm32f10x_gpio.o
LOAD /home/wanglinbin/ST/STM32-build-in-linux/st_in_linux/debug/obj/stm32f10x_i2c.o
LOAD /home/wanglinbin/ST/STM32-build-in-linux/st_in_linux/debug/obj/stm32f10x_iwdg.o
LOAD /home/wanglinbin/ST/STM32-build-in-linux/st_in_linux/debug/obj/stm32f10x_pwr.o
LOAD /home/wanglinbin/ST/STM32-build-in-linux/st_in_linux/debug/obj/stm32f10x_rcc.o
LOAD /home/wanglinbin/ST/STM32-build-in-linux/st_in_linux/debug/obj/stm32f10x_rtc.o
LOAD /home/wanglinbin/ST/STM32-build-in-linux/st_in_linux/debug/obj/stm32f10x_sdio.o
LOAD /home/wanglinbin/ST/STM32-build-in-linux/st_in_linux/debug/obj/stm32f10x_spi.o
LOAD /home/wanglinbin/ST/STM32-build-in-linux/st_in_linux/debug/obj/stm32f10x_tim.o
LOAD /home/wanglinbin/ST/STM32-build-in-linux/st_in_linux/debug/obj/stm32f10x_usart.o
LOAD /home/wanglinbin/ST/STM32-build-in-linux/st_in_linux/debug/obj/stm32f10x_wwdg.o
LOAD /home/wanglinbin/ST/STM32-build-in-linux/st_in_linux/debug/obj/system_stm32f10x.o
LOAD /home/wanglinbin/ST/STM32-build-in-linux/st_in_linux/debug/obj/uart.o
START GROUP
LOAD /home/wanglinbin/ST/gcc-arm-none-eabi/bin/../lib/gcc/arm-none-eabi/5.2.1/armv7-m/libgcc.a
LOAD /home/wanglinbin/ST/gcc-arm-none-eabi/bin/../lib/gcc/arm-none-eabi/5.2.1/../../../../arm-none-eabi/lib/armv7-m/libc_nano.a
END GROUP
START GROUP
LOAD /home/wanglinbin/ST/gcc-arm-none-eabi/bin/../lib/gcc/arm-none-eabi/5.2.1/armv7-m/libgcc.a
LOAD /home/wanglinbin/ST/gcc-arm-none-eabi/bin/../lib/gcc/arm-none-eabi/5.2.1/../../../../arm-none-eabi/lib/armv7-m/libc_nano.a
END GROUP
LOAD /home/wanglinbin/ST/gcc-arm-none-eabi/bin/../lib/gcc/arm-none-eabi/5.2.1/armv7-m/crtend.o
LOAD /home/wanglinbin/ST/gcc-arm-none-eabi/bin/../lib/gcc/arm-none-eabi/5.2.1/armv7-m/crtn.o
                0x20010000                _estack = 0x20010000
                0x00000000                _Min_Heap_Size = 0x0
                0x00000800                _Min_Stack_Size = 0x800

.isr_vector     0x08000000      0x1e4
                0x08000000                . = ALIGN (0x4)
 *(.isr_vector)
 .isr_vector    0x08000000      0x1e4 /home/wanglinbin/ST/STM32-build-in-linux/st_in_linux/debug/obj/startup_stm32f10x_hd.o
                0x08000000                g_pfnVectors
                0x080001e4                . = ALIGN (0x4)

.eh_frame       0x080001e4        0x0
 .eh_frame      0x080001e4        0x0 /home/wanglinbin/ST/gcc-arm-none-eabi/bin/../lib/gcc/arm-none-eabi/5.2.1/armv7-m/crtbegin.o

.text           0x080001e4      0x5d0
                0x080001e4                . = ALIGN (0x4)
 *(.text)
 .text          0x080001e4       0xa4 /home/wanglinbin/ST/gcc-arm-none-eabi/bin/../lib/gcc/arm-none-eabi/5.2.1/armv7-m/crtbegin.o
 *(.text*)
 .text.startup.main
                0x08000288       0x1c /home/wanglinbin/ST/STM32-build-in-linux/st_in_linux/debug/obj/main.o
                0x08000288                main
 .text.NVIC_PriorityGroupConfig
                0x080002a4       0x14 /home/wanglinbin/ST/STM32-build-in-linux/st_in_linux/debug/obj/misc.o
                0x080002a4                NVIC_PriorityGroupConfig
 .text.NVIC_Init
                0x080002b8       0x6c /home/wanglinbin/ST/STM32-build-in-linux/st_in_linux/debug/obj/misc.o
                0x080002b8                NVIC_Init
 .text.Reset_Handler
                0x08000324       0x44 /home/wanglinbin/ST/STM32-build-in-linux/st_in_linux/debug/obj/startup_stm32f10x_hd.o
                0x08000324                Reset_Handler
 .text.Default_Handler
                0x08000368        0x2 /home/wanglinbin/ST/STM32-build-in-linux/st_in_linux/debug/obj/startup_stm32f10x_hd.o
                0x08000368                EXTI2_IRQHandler
                0x08000368                TIM8_TRG_COM_IRQHandler
                0x08000368                TIM8_CC_IRQHandler
                0x08000368                DebugMon_Handler
                0x08000368                TIM1_CC_IRQHandler
                0x08000368                HardFault_Handler
                0x08000368                TIM6_IRQHandler
                0x08000368                SysTick_Handler
                0x08000368                PVD_IRQHandler
                0x08000368                SDIO_IRQHandler
                0x08000368                PendSV_Handler
                0x08000368                NMI_Handler
                0x08000368                EXTI3_IRQHandler
                0x08000368                EXTI0_IRQHandler
                0x08000368                I2C2_EV_IRQHandler
                0x08000368                UsageFault_Handler
                0x08000368                ADC1_2_IRQHandler
                0x08000368                SPI1_IRQHandler
                0x08000368                TAMPER_IRQHandler
                0x08000368                TIM8_UP_IRQHandler
                0x08000368                DMA2_Channel2_IRQHandler
                0x08000368                DMA1_Channel4_IRQHandler
                0x08000368                USART3_IRQHandler
                0x08000368                RTC_IRQHandler
                0x08000368                DMA1_Channel7_IRQHandler
                0x08000368                CAN1_RX1_IRQHandler
                0x08000368                UART5_IRQHandler
                0x08000368                ADC3_IRQHandler
                0x08000368                TIM4_IRQHandler
                0x08000368                DMA2_Channel1_IRQHandler
                0x08000368                I2C1_EV_IRQHandler
                0x08000368                DMA1_Channel6_IRQHandler
                0x08000368                UART4_IRQHandler
                0x08000368                TIM3_IRQHandler
                0x08000368                RCC_IRQHandler
                0x08000368                TIM1_TRG_COM_IRQHandler
                0x08000368                DMA1_Channel1_IRQHandler
                0x08000368                Default_Handler
                0x08000368                EXTI15_10_IRQHandler
                0x08000368                TIM7_IRQHandler
                0x08000368                TIM5_IRQHandler
                0x08000368                EXTI9_5_IRQHandler
                0x08000368                SPI2_IRQHandler
                0x08000368                MemManage_Handler
                0x08000368                SVC_Handler
                0x08000368                DMA1_Channel5_IRQHandler
                0x08000368                EXTI4_IRQHandler
                0x08000368                USB_LP_CAN1_RX0_IRQHandler
                0x08000368                USB_HP_CAN1_TX_IRQHandler
                0x08000368                DMA1_Channel3_IRQHandler
                0x08000368                FSMC_IRQHandler
                0x08000368                TIM1_UP_IRQHandler
                0x08000368                WWDG_IRQHandler
                0x08000368                TIM2_IRQHandler
                0x08000368                TIM1_BRK_IRQHandler
                0x08000368                EXTI1_IRQHandler
                0x08000368                RTCAlarm_IRQHandler
                0x08000368                DMA2_Channel4_5_IRQHandler
                0x08000368                USART2_IRQHandler
                0x08000368                I2C2_ER_IRQHandler
                0x08000368                DMA1_Channel2_IRQHandler
                0x08000368                TIM8_BRK_IRQHandler
                0x08000368                CAN1_SCE_IRQHandler
                0x08000368                FLASH_IRQHandler
                0x08000368                BusFault_Handler
                0x08000368                USART1_IRQHandler
                0x08000368                SPI3_IRQHandler
                0x08000368                I2C1_ER_IRQHandler
                0x08000368                USBWakeUp_IRQHandler
                0x08000368                DMA2_Channel3_IRQHandler
 .text.GPIO_Init
                0x0800036a       0xa4 /home/wanglinbin/ST/STM32-build-in-linux/st_in_linux/debug/obj/stm32f10x_gpio.o
                0x0800036a                GPIO_Init
 *fill*         0x0800040e        0x2 
 .text.RCC_GetClocksFreq
                0x08000410       0x88 /home/wanglinbin/ST/STM32-build-in-linux/st_in_linux/debug/obj/stm32f10x_rcc.o
                0x08000410                RCC_GetClocksFreq
 .text.RCC_APB2PeriphClockCmd
                0x08000498       0x18 /home/wanglinbin/ST/STM32-build-in-linux/st_in_linux/debug/obj/stm32f10x_rcc.o
                0x08000498                RCC_APB2PeriphClockCmd
 .text.USART_Init
                0x080004b0       0xa8 /home/wanglinbin/ST/STM32-build-in-linux/st_in_linux/debug/obj/stm32f10x_usart.o
                0x080004b0                USART_Init
 .text.USART_Cmd
                0x08000558       0x18 /home/wanglinbin/ST/STM32-build-in-linux/st_in_linux/debug/obj/stm32f10x_usart.o
                0x08000558                USART_Cmd
 .text.USART_ITConfig
                0x08000570       0x30 /home/wanglinbin/ST/STM32-build-in-linux/st_in_linux/debug/obj/stm32f10x_usart.o
                0x08000570                USART_ITConfig
 .text.USART_SendData
                0x080005a0        0x8 /home/wanglinbin/ST/STM32-build-in-linux/st_in_linux/debug/obj/stm32f10x_usart.o
                0x080005a0                USART_SendData
 .text.USART_GetFlagStatus
                0x080005a8        0xc /home/wanglinbin/ST/STM32-build-in-linux/st_in_linux/debug/obj/stm32f10x_usart.o
                0x080005a8                USART_GetFlagStatus
 .text.SystemInit
                0x080005b4       0xf4 /home/wanglinbin/ST/STM32-build-in-linux/st_in_linux/debug/obj/system_stm32f10x.o
                0x080005b4                SystemInit
 .text.USART_Configuration
                0x080006a8       0xa0 /home/wanglinbin/ST/STM32-build-in-linux/st_in_linux/debug/obj/uart.o
                0x080006a8                USART_Configuration
 .text.NVIC_Configuration
                0x08000748       0x2c /home/wanglinbin/ST/STM32-build-in-linux/st_in_linux/debug/obj/uart.o
                0x08000748                NVIC_Configuration
 .text.Uart_SendStr
                0x08000774       0x24 /home/wanglinbin/ST/STM32-build-in-linux/st_in_linux/debug/obj/uart.o
                0x08000774                Uart_SendStr
 *(.rodata)
 *(.rodata*)
 .rodata.str1.1
                0x08000798        0x4 /home/wanglinbin/ST/STM32-build-in-linux/st_in_linux/debug/obj/main.o
 *(.glue_7)
 .glue_7        0x0800079c        0x0 linker stubs
 *(.glue_7t)
 .glue_7t       0x0800079c        0x0 linker stubs
 *(.init)
 .init          0x0800079c        0x4 /home/wanglinbin/ST/gcc-arm-none-eabi/bin/../lib/gcc/arm-none-eabi/5.2.1/armv7-m/crti.o
                0x0800079c                _init
 .init          0x080007a0        0x8 /home/wanglinbin/ST/gcc-arm-none-eabi/bin/../lib/gcc/arm-none-eabi/5.2.1/armv7-m/crtn.o
 *(.fini)
 .fini          0x080007a8        0x4 /home/wanglinbin/ST/gcc-arm-none-eabi/bin/../lib/gcc/arm-none-eabi/5.2.1/armv7-m/crti.o
                0x080007a8                _fini
 .fini          0x080007ac        0x8 /home/wanglinbin/ST/gcc-arm-none-eabi/bin/../lib/gcc/arm-none-eabi/5.2.1/armv7-m/crtn.o
                0x080007b4                . = ALIGN (0x4)
                0x080007b4                _etext = .

.vfp11_veneer   0x080007b4        0x0
 .vfp11_veneer  0x080007b4        0x0 linker stubs

.v4_bx          0x080007b4        0x0
 .v4_bx         0x080007b4        0x0 linker stubs

.iplt           0x080007b4        0x0
 .iplt          0x080007b4        0x0 /home/wanglinbin/ST/gcc-arm-none-eabi/bin/../lib/gcc/arm-none-eabi/5.2.1/armv7-m/crtbegin.o

.rel.dyn        0x080007b4        0x0
 .rel.iplt      0x080007b4        0x0 /home/wanglinbin/ST/gcc-arm-none-eabi/bin/../lib/gcc/arm-none-eabi/5.2.1/armv7-m/crtbegin.o

.ARM.extab
 *(.ARM.extab* .gnu.linkonce.armextab.*)

.ARM            0x080007b4        0x0
                0x080007b4                __exidx_start = .
 *(.ARM.exidx*)
                0x080007b4                __exidx_end = .

.ARM.attributes
                0x00000000       0x29
 *(.ARM.attributes)
 .ARM.attributes
                0x00000000       0x1d /home/wanglinbin/ST/gcc-arm-none-eabi/bin/../lib/gcc/arm-none-eabi/5.2.1/armv7-m/crti.o
 .ARM.attributes
                0x0000001d       0x2d /home/wanglinbin/ST/gcc-arm-none-eabi/bin/../lib/gcc/arm-none-eabi/5.2.1/armv7-m/crtbegin.o
 .ARM.attributes
                0x0000004a       0x33 /home/wanglinbin/ST/STM32-build-in-linux/st_in_linux/debug/obj/main.o
 .ARM.attributes
                0x0000007d       0x33 /home/wanglinbin/ST/STM32-build-in-linux/st_in_linux/debug/obj/misc.o
 .ARM.attributes
                0x000000b0       0x21 /home/wanglinbin/ST/STM32-build-in-linux/st_in_linux/debug/obj/startup_stm32f10x_hd.o
 .ARM.attributes
                0x000000d1       0x33 /home/wanglinbin/ST/STM32-build-in-linux/st_in_linux/debug/obj/stm32f10x_gpio.o
 .ARM.attributes
                0x00000104       0x33 /home/wanglinbin/ST/STM32-build-in-linux/st_in_linux/debug/obj/stm32f10x_rcc.o
 .ARM.attributes
                0x00000137       0x33 /home/wanglinbin/ST/STM32-build-in-linux/st_in_linux/debug/obj/stm32f10x_usart.o
 .ARM.attributes
                0x0000016a       0x33 /home/wanglinbin/ST/STM32-build-in-linux/st_in_linux/debug/obj/system_stm32f10x.o
 .ARM.attributes
                0x0000019d       0x33 /home/wanglinbin/ST/STM32-build-in-linux/st_in_linux/debug/obj/uart.o
 .ARM.attributes
                0x000001d0       0x2d /home/wanglinbin/ST/gcc-arm-none-eabi/bin/../lib/gcc/arm-none-eabi/5.2.1/armv7-m/crtend.o
 .ARM.attributes
                0x000001fd       0x1d /home/wanglinbin/ST/gcc-arm-none-eabi/bin/../lib/gcc/arm-none-eabi/5.2.1/armv7-m/crtn.o

.preinit_array  0x080007b4        0x0
                0x080007b4                PROVIDE (__preinit_array_start, .)
 *(.preinit_array*)
                0x080007b4                PROVIDE (__preinit_array_end, .)

.init_array     0x080007b4        0x4
                0x080007b4                PROVIDE (__init_array_start, .)
 *(SORT(.init_array.*))
 *(.init_array*)
 .init_array    0x080007b4        0x4 /home/wanglinbin/ST/gcc-arm-none-eabi/bin/../lib/gcc/arm-none-eabi/5.2.1/armv7-m/crtbegin.o
                0x080007b8                PROVIDE (__init_array_end, .)

.fini_array     0x080007b8        0x4
                [!provide]                PROVIDE (__fini_array_start, .)
 *(.fini_array*)
 .fini_array    0x080007b8        0x4 /home/wanglinbin/ST/gcc-arm-none-eabi/bin/../lib/gcc/arm-none-eabi/5.2.1/armv7-m/crtbegin.o
 *(SORT(.fini_array.*))
                [!provide]                PROVIDE (__fini_array_end, .)
                0x080007bc                _sidata = .

.data           0x20000000       0x14 load address 0x080007bc
                0x20000000                . = ALIGN (0x4)
                0x20000000                _sdata = .
 *(.data)
 *(.data*)
 .data.ADCPrescTable
                0x20000000        0x4 /home/wanglinbin/ST/STM32-build-in-linux/st_in_linux/debug/obj/stm32f10x_rcc.o
 .data.APBAHBPrescTable
                0x20000004       0x10 /home/wanglinbin/ST/STM32-build-in-linux/st_in_linux/debug/obj/stm32f10x_rcc.o
                0x20000014                . = ALIGN (0x4)
                0x20000014                _edata = .

.jcr            0x20000014        0x0 load address 0x080007d0
 .jcr           0x20000014        0x0 /home/wanglinbin/ST/gcc-arm-none-eabi/bin/../lib/gcc/arm-none-eabi/5.2.1/armv7-m/crtbegin.o

.tm_clone_table
                0x20000014        0x0 load address 0x080007d0
 .tm_clone_table
                0x20000014        0x0 /home/wanglinbin/ST/gcc-arm-none-eabi/bin/../lib/gcc/arm-none-eabi/5.2.1/armv7-m/crtbegin.o
 .tm_clone_table
                0x20000014        0x0 /home/wanglinbin/ST/gcc-arm-none-eabi/bin/../lib/gcc/arm-none-eabi/5.2.1/armv7-m/crtend.o

.igot.plt       0x20000014        0x0 load address 0x080007d0
 .igot.plt      0x20000014        0x0 /home/wanglinbin/ST/gcc-arm-none-eabi/bin/../lib/gcc/arm-none-eabi/5.2.1/armv7-m/crtbegin.o
                0x20000014                . = ALIGN (0x4)

.bss            0x20000014       0x1c load address 0x080007d0
                0x20000014                _sbss = .
                0x20000014                __bss_start__ = _sbss
 *(.bss)
 .bss           0x20000014       0x1c /home/wanglinbin/ST/gcc-arm-none-eabi/bin/../lib/gcc/arm-none-eabi/5.2.1/armv7-m/crtbegin.o
 *(.bss*)
 *(COMMON)
                0x20000030                . = ALIGN (0x4)
                0x20000030                _ebss = .
                0x20000030                __bss_end__ = _ebss
                [!provide]                PROVIDE (end, _ebss)
                [!provide]                PROVIDE (_end, _ebss)

._user_heap_stack
                0x20000030      0x800 load address 0x080007ec
                0x20000030                . = ALIGN (0x4)
                0x20000030                . = (. + _Min_Heap_Size)
                0x20000830                . = (. + _Min_Stack_Size)
 *fill*         0x20000030      0x800 
                0x20000830                . = ALIGN (0x4)

.memory_b1_text
 *(.mb1text)
 *(.mb1text*)
 *(.mb1rodata)
 *(.mb1rodata*)

/DISCARD/
 libc.a(*)
 libm.a(*)
 libgcc.a(*)
OUTPUT(Project.elf elf32-littlearm)

.comment        0x00000000       0x6e
 .comment       0x00000000       0x6e /home/wanglinbin/ST/STM32-build-in-linux/st_in_linux/debug/obj/main.o
                                 0x6f (size before relaxing)
 .comment       0x0000006e       0x6f /home/wanglinbin/ST/STM32-build-in-linux/st_in_linux/debug/obj/misc.o
 .comment       0x0000006e       0x6f /home/wanglinbin/ST/STM32-build-in-linux/st_in_linux/debug/obj/stm32f10x_gpio.o
 .comment       0x0000006e       0x6f /home/wanglinbin/ST/STM32-build-in-linux/st_in_linux/debug/obj/stm32f10x_rcc.o
 .comment       0x0000006e       0x6f /home/wanglinbin/ST/STM32-build-in-linux/st_in_linux/debug/obj/stm32f10x_usart.o
 .comment       0x0000006e       0x6f /home/wanglinbin/ST/STM32-build-in-linux/st_in_linux/debug/obj/system_stm32f10x.o
 .comment       0x0000006e       0x6f /home/wanglinbin/ST/STM32-build-in-linux/st_in_linux/debug/obj/uart.o
