Archive member included to satisfy reference by file (symbol)

/home/wanglinbin/ST/gcc-arm-none-eabi/bin/../lib/gcc/arm-none-eabi/5.2.1/../../../../arm-none-eabi/lib/armv7-m/libc_nano.a(lib_a-exit.o)
                              /home/wanglinbin/ST/gcc-arm-none-eabi/bin/../lib/gcc/arm-none-eabi/5.2.1/../../../../arm-none-eabi/lib/armv7-m/crt0.o (exit)
/home/wanglinbin/ST/gcc-arm-none-eabi/bin/../lib/gcc/arm-none-eabi/5.2.1/../../../../arm-none-eabi/lib/armv7-m/libc_nano.a(lib_a-impure.o)
                              /home/wanglinbin/ST/gcc-arm-none-eabi/bin/../lib/gcc/arm-none-eabi/5.2.1/../../../../arm-none-eabi/lib/armv7-m/libc_nano.a(lib_a-exit.o) (_global_impure_ptr)
/home/wanglinbin/ST/gcc-arm-none-eabi/bin/../lib/gcc/arm-none-eabi/5.2.1/../../../../arm-none-eabi/lib/armv7-m/libc_nano.a(lib_a-init.o)
                              /home/wanglinbin/ST/gcc-arm-none-eabi/bin/../lib/gcc/arm-none-eabi/5.2.1/../../../../arm-none-eabi/lib/armv7-m/crt0.o (__libc_init_array)
/home/wanglinbin/ST/gcc-arm-none-eabi/bin/../lib/gcc/arm-none-eabi/5.2.1/../../../../arm-none-eabi/lib/armv7-m/libc_nano.a(lib_a-memset.o)
                              /home/wanglinbin/ST/gcc-arm-none-eabi/bin/../lib/gcc/arm-none-eabi/5.2.1/../../../../arm-none-eabi/lib/armv7-m/crt0.o (memset)
/home/wanglinbin/ST/gcc-arm-none-eabi/bin/../lib/gcc/arm-none-eabi/5.2.1/../../../../arm-none-eabi/lib/armv7-m/libc_nano.a(lib_a-reent.o)
                              newlib/syscalls.o (errno)
/home/wanglinbin/ST/gcc-arm-none-eabi/bin/../lib/gcc/arm-none-eabi/5.2.1/../../../../arm-none-eabi/lib/armv7-m/libc_nano.a(lib_a-nano-freer.o)
                              /home/wanglinbin/ST/gcc-arm-none-eabi/bin/../lib/gcc/arm-none-eabi/5.2.1/../../../../arm-none-eabi/lib/armv7-m/libc_nano.a(lib_a-reent.o) (_free_r)
/home/wanglinbin/ST/gcc-arm-none-eabi/bin/../lib/gcc/arm-none-eabi/5.2.1/../../../../arm-none-eabi/lib/armv7-m/libc_nano.a(lib_a-nano-mallocr.o)
                              /home/wanglinbin/ST/gcc-arm-none-eabi/bin/../lib/gcc/arm-none-eabi/5.2.1/../../../../arm-none-eabi/lib/armv7-m/libc_nano.a(lib_a-nano-freer.o) (__malloc_free_list)
/home/wanglinbin/ST/gcc-arm-none-eabi/bin/../lib/gcc/arm-none-eabi/5.2.1/../../../../arm-none-eabi/lib/armv7-m/libc_nano.a(lib_a-sbrkr.o)
                              /home/wanglinbin/ST/gcc-arm-none-eabi/bin/../lib/gcc/arm-none-eabi/5.2.1/../../../../arm-none-eabi/lib/armv7-m/libc_nano.a(lib_a-nano-mallocr.o) (_sbrk_r)

Allocating common symbols
Common symbol       size              file

errno               0x4               /home/wanglinbin/ST/gcc-arm-none-eabi/bin/../lib/gcc/arm-none-eabi/5.2.1/../../../../arm-none-eabi/lib/armv7-m/libc_nano.a(lib_a-reent.o)

Discarded input sections

 .text          0x00000000        0x0 /home/wanglinbin/ST/gcc-arm-none-eabi/bin/../lib/gcc/arm-none-eabi/5.2.1/armv7-m/crti.o
 .data          0x00000000        0x0 /home/wanglinbin/ST/gcc-arm-none-eabi/bin/../lib/gcc/arm-none-eabi/5.2.1/armv7-m/crti.o
 .bss           0x00000000        0x0 /home/wanglinbin/ST/gcc-arm-none-eabi/bin/../lib/gcc/arm-none-eabi/5.2.1/armv7-m/crti.o
 .data          0x00000000        0x4 /home/wanglinbin/ST/gcc-arm-none-eabi/bin/../lib/gcc/arm-none-eabi/5.2.1/armv7-m/crtbegin.o
 .text          0x00000000       0x74 /home/wanglinbin/ST/gcc-arm-none-eabi/bin/../lib/gcc/arm-none-eabi/5.2.1/../../../../arm-none-eabi/lib/armv7-m/crt0.o
 .data          0x00000000        0x0 /home/wanglinbin/ST/gcc-arm-none-eabi/bin/../lib/gcc/arm-none-eabi/5.2.1/../../../../arm-none-eabi/lib/armv7-m/crt0.o
 .bss           0x00000000        0x0 /home/wanglinbin/ST/gcc-arm-none-eabi/bin/../lib/gcc/arm-none-eabi/5.2.1/../../../../arm-none-eabi/lib/armv7-m/crt0.o
 .ARM.extab     0x00000000        0x0 /home/wanglinbin/ST/gcc-arm-none-eabi/bin/../lib/gcc/arm-none-eabi/5.2.1/../../../../arm-none-eabi/lib/armv7-m/crt0.o
 .ARM.exidx     0x00000000        0x8 /home/wanglinbin/ST/gcc-arm-none-eabi/bin/../lib/gcc/arm-none-eabi/5.2.1/../../../../arm-none-eabi/lib/armv7-m/crt0.o
 .ARM.attributes
                0x00000000       0x1b /home/wanglinbin/ST/gcc-arm-none-eabi/bin/../lib/gcc/arm-none-eabi/5.2.1/../../../../arm-none-eabi/lib/armv7-m/crt0.o
 .text          0x00000000       0x14 stlib/startup_stm32f30x.o
 .data          0x00000000        0x0 stlib/startup_stm32f30x.o
 .bss           0x00000000        0x0 stlib/startup_stm32f30x.o
 .text          0x00000000        0x0 stlib/src/stm32f30x_rcc.o
 .data          0x00000000        0x0 stlib/src/stm32f30x_rcc.o
 .bss           0x00000000        0x0 stlib/src/stm32f30x_rcc.o
 .text.RCC_DeInit
                0x00000000       0x54 stlib/src/stm32f30x_rcc.o
 .text.RCC_HSEConfig
                0x00000000       0x10 stlib/src/stm32f30x_rcc.o
 .text.RCC_AdjustHSICalibrationValue
                0x00000000       0x14 stlib/src/stm32f30x_rcc.o
 .text.RCC_HSICmd
                0x00000000        0xc stlib/src/stm32f30x_rcc.o
 .text.RCC_LSEConfig
                0x00000000       0x20 stlib/src/stm32f30x_rcc.o
 .text.RCC_LSEDriveConfig
                0x00000000       0x18 stlib/src/stm32f30x_rcc.o
 .text.RCC_LSICmd
                0x00000000        0xc stlib/src/stm32f30x_rcc.o
 .text.RCC_PLLConfig
                0x00000000       0x18 stlib/src/stm32f30x_rcc.o
 .text.RCC_PLLCmd
                0x00000000        0xc stlib/src/stm32f30x_rcc.o
 .text.RCC_PREDIV1Config
                0x00000000       0x14 stlib/src/stm32f30x_rcc.o
 .text.RCC_ClockSecuritySystemCmd
                0x00000000        0xc stlib/src/stm32f30x_rcc.o
 .text.RCC_MCOConfig
                0x00000000        0xc stlib/src/stm32f30x_rcc.o
 .text.RCC_SYSCLKConfig
                0x00000000       0x14 stlib/src/stm32f30x_rcc.o
 .text.RCC_GetSYSCLKSource
                0x00000000       0x10 stlib/src/stm32f30x_rcc.o
 .text.RCC_HCLKConfig
                0x00000000       0x14 stlib/src/stm32f30x_rcc.o
 .text.RCC_PCLK1Config
                0x00000000       0x14 stlib/src/stm32f30x_rcc.o
 .text.RCC_PCLK2Config
                0x00000000       0x14 stlib/src/stm32f30x_rcc.o
 .text.RCC_ADCCLKConfig
                0x00000000       0x20 stlib/src/stm32f30x_rcc.o
 .text.RCC_I2CCLKConfig
                0x00000000       0x20 stlib/src/stm32f30x_rcc.o
 .text.RCC_TIMCLKConfig
                0x00000000       0x20 stlib/src/stm32f30x_rcc.o
 .text.RCC_USARTCLKConfig
                0x00000000       0x48 stlib/src/stm32f30x_rcc.o
 .text.RCC_USBCLKConfig
                0x00000000        0xc stlib/src/stm32f30x_rcc.o
 .text.RCC_RTCCLKConfig
                0x00000000       0x10 stlib/src/stm32f30x_rcc.o
 .text.RCC_I2SCLKConfig
                0x00000000        0xc stlib/src/stm32f30x_rcc.o
 .text.RCC_RTCCLKCmd
                0x00000000        0xc stlib/src/stm32f30x_rcc.o
 .text.RCC_BackupResetCmd
                0x00000000        0xc stlib/src/stm32f30x_rcc.o
 .text.RCC_APB2PeriphClockCmd
                0x00000000       0x18 stlib/src/stm32f30x_rcc.o
 .text.RCC_AHBPeriphResetCmd
                0x00000000       0x18 stlib/src/stm32f30x_rcc.o
 .text.RCC_APB2PeriphResetCmd
                0x00000000       0x18 stlib/src/stm32f30x_rcc.o
 .text.RCC_APB1PeriphResetCmd
                0x00000000       0x18 stlib/src/stm32f30x_rcc.o
 .text.RCC_ITConfig
                0x00000000       0x18 stlib/src/stm32f30x_rcc.o
 .text.RCC_GetFlagStatus
                0x00000000       0x2c stlib/src/stm32f30x_rcc.o
 .text.RCC_WaitForHSEStartUp
                0x00000000       0x30 stlib/src/stm32f30x_rcc.o
 .text.RCC_ClearFlag
                0x00000000       0x10 stlib/src/stm32f30x_rcc.o
 .text.RCC_GetITStatus
                0x00000000       0x14 stlib/src/stm32f30x_rcc.o
 .text.RCC_ClearITPendingBit
                0x00000000        0xc stlib/src/stm32f30x_rcc.o
 .text          0x00000000        0x0 stlib/src/stm32f30x_gpio.o
 .data          0x00000000        0x0 stlib/src/stm32f30x_gpio.o
 .bss           0x00000000        0x0 stlib/src/stm32f30x_gpio.o
 .text.GPIO_DeInit
                0x00000000       0xb0 stlib/src/stm32f30x_gpio.o
 .text.GPIO_StructInit
                0x00000000       0x14 stlib/src/stm32f30x_gpio.o
 .text.GPIO_PinLockConfig
                0x00000000       0x10 stlib/src/stm32f30x_gpio.o
 .text.GPIO_ReadInputDataBit
                0x00000000        0xc stlib/src/stm32f30x_gpio.o
 .text.GPIO_ReadInputData
                0x00000000        0x6 stlib/src/stm32f30x_gpio.o
 .text.GPIO_ReadOutputDataBit
                0x00000000        0xc stlib/src/stm32f30x_gpio.o
 .text.GPIO_ReadOutputData
                0x00000000        0x6 stlib/src/stm32f30x_gpio.o
 .text.GPIO_SetBits
                0x00000000        0x4 stlib/src/stm32f30x_gpio.o
 .text.GPIO_ResetBits
                0x00000000        0x4 stlib/src/stm32f30x_gpio.o
 .text.GPIO_WriteBit
                0x00000000        0xa stlib/src/stm32f30x_gpio.o
 .text.GPIO_Write
                0x00000000        0x4 stlib/src/stm32f30x_gpio.o
 .text          0x00000000        0x0 stlib/src/stm32f30x_usart.o
 .data          0x00000000        0x0 stlib/src/stm32f30x_usart.o
 .bss           0x00000000        0x0 stlib/src/stm32f30x_usart.o
 .text.USART_DeInit
                0x00000000       0x9c stlib/src/stm32f30x_usart.o
 .text.USART_StructInit
                0x00000000       0x16 stlib/src/stm32f30x_usart.o
 .text.USART_ClockInit
                0x00000000       0x1c stlib/src/stm32f30x_usart.o
 .text.USART_ClockStructInit
                0x00000000        0xc stlib/src/stm32f30x_usart.o
 .text.USART_DirectionModeCmd
                0x00000000       0x10 stlib/src/stm32f30x_usart.o
 .text.USART_OverSampling8Cmd
                0x00000000       0x12 stlib/src/stm32f30x_usart.o
 .text.USART_OneBitMethodCmd
                0x00000000       0x12 stlib/src/stm32f30x_usart.o
 .text.USART_MSBFirstCmd
                0x00000000       0x12 stlib/src/stm32f30x_usart.o
 .text.USART_DataInvCmd
                0x00000000       0x12 stlib/src/stm32f30x_usart.o
 .text.USART_InvPinCmd
                0x00000000       0x10 stlib/src/stm32f30x_usart.o
 .text.USART_SWAPPinCmd
                0x00000000       0x12 stlib/src/stm32f30x_usart.o
 .text.USART_ReceiverTimeOutCmd
                0x00000000       0x12 stlib/src/stm32f30x_usart.o
 .text.USART_SetReceiverTimeOut
                0x00000000       0x10 stlib/src/stm32f30x_usart.o
 .text.USART_SetPrescaler
                0x00000000       0x12 stlib/src/stm32f30x_usart.o
 .text.USART_STOPModeCmd
                0x00000000       0x12 stlib/src/stm32f30x_usart.o
 .text.USART_StopModeWakeUpSourceConfig
                0x00000000       0x10 stlib/src/stm32f30x_usart.o
 .text.USART_AutoBaudRateCmd
                0x00000000       0x12 stlib/src/stm32f30x_usart.o
 .text.USART_AutoBaudRateConfig
                0x00000000       0x10 stlib/src/stm32f30x_usart.o
 .text.USART_SetAddress
                0x00000000       0x12 stlib/src/stm32f30x_usart.o
 .text.USART_MuteModeCmd
                0x00000000       0x12 stlib/src/stm32f30x_usart.o
 .text.USART_MuteModeWakeUpConfig
                0x00000000       0x10 stlib/src/stm32f30x_usart.o
 .text.USART_AddressDetectionConfig
                0x00000000       0x10 stlib/src/stm32f30x_usart.o
 .text.USART_LINBreakDetectLengthConfig
                0x00000000       0x10 stlib/src/stm32f30x_usart.o
 .text.USART_LINCmd
                0x00000000       0x12 stlib/src/stm32f30x_usart.o
 .text.USART_HalfDuplexCmd
                0x00000000       0x12 stlib/src/stm32f30x_usart.o
 .text.USART_SetGuardTime
                0x00000000       0x12 stlib/src/stm32f30x_usart.o
 .text.USART_SmartCardCmd
                0x00000000       0x12 stlib/src/stm32f30x_usart.o
 .text.USART_SmartCardNACKCmd
                0x00000000       0x12 stlib/src/stm32f30x_usart.o
 .text.USART_SetAutoRetryCount
                0x00000000       0x12 stlib/src/stm32f30x_usart.o
 .text.USART_SetBlockLength
                0x00000000       0x12 stlib/src/stm32f30x_usart.o
 .text.USART_IrDAConfig
                0x00000000       0x10 stlib/src/stm32f30x_usart.o
 .text.USART_IrDACmd
                0x00000000       0x12 stlib/src/stm32f30x_usart.o
 .text.USART_DECmd
                0x00000000       0x12 stlib/src/stm32f30x_usart.o
 .text.USART_DEPolarityConfig
                0x00000000       0x10 stlib/src/stm32f30x_usart.o
 .text.USART_SetDEAssertionTime
                0x00000000       0x12 stlib/src/stm32f30x_usart.o
 .text.USART_SetDEDeassertionTime
                0x00000000       0x12 stlib/src/stm32f30x_usart.o
 .text.USART_DMACmd
                0x00000000       0x10 stlib/src/stm32f30x_usart.o
 .text.USART_DMAReceptionErrorConfig
                0x00000000       0x10 stlib/src/stm32f30x_usart.o
 .text.USART_RequestCmd
                0x00000000       0x14 stlib/src/stm32f30x_usart.o
 .text.USART_OverrunDetectionConfig
                0x00000000       0x10 stlib/src/stm32f30x_usart.o
 .text.USART_ClearITPendingBit
                0x00000000        0xc stlib/src/stm32f30x_usart.o
 .text          0x00000000        0x0 platform/init.o
 .data          0x00000000        0x0 platform/init.o
 .bss           0x00000000        0x0 platform/init.o
 .text          0x00000000        0x0 platform/ringbuffer.o
 .data          0x00000000        0x0 platform/ringbuffer.o
 .bss           0x00000000        0x0 platform/ringbuffer.o
 .text          0x00000000        0x0 platform/usart.o
 .data          0x00000000        0x0 platform/usart.o
 .bss           0x00000000        0x0 platform/usart.o
 .text          0x00000000        0x0 newlib/syscalls.o
 .data          0x00000000        0x0 newlib/syscalls.o
 .bss           0x00000000        0x0 newlib/syscalls.o
 .text.initialise_monitor_handles
                0x00000000        0x2 newlib/syscalls.o
 .text._getpid  0x00000000        0x4 newlib/syscalls.o
 .text._kill    0x00000000       0x10 newlib/syscalls.o
 .text._read    0x00000000       0x1c newlib/syscalls.o
 .text._write   0x00000000       0x1c newlib/syscalls.o
 .text._sbrk    0x00000000       0x3c newlib/syscalls.o
 .text._close   0x00000000        0x6 newlib/syscalls.o
 .text._fstat   0x00000000        0xa newlib/syscalls.o
 .text._isatty  0x00000000        0x4 newlib/syscalls.o
 .text._lseek   0x00000000        0x4 newlib/syscalls.o
 .text._open    0x00000000        0xa newlib/syscalls.o
 .text._wait    0x00000000       0x10 newlib/syscalls.o
 .text._unlink  0x00000000       0x10 newlib/syscalls.o
 .text._times   0x00000000        0x6 newlib/syscalls.o
 .text._stat    0x00000000        0xa newlib/syscalls.o
 .text._link    0x00000000       0x10 newlib/syscalls.o
 .text._fork    0x00000000       0x10 newlib/syscalls.o
 .text._execve  0x00000000       0x10 newlib/syscalls.o
 .bss.heap_end.5920
                0x00000000        0x4 newlib/syscalls.o
 .data.environ  0x00000000        0x4 newlib/syscalls.o
 .bss.__env     0x00000000        0x4 newlib/syscalls.o
 .text          0x00000000        0x0 newlib/sys_itoa.o
 .data          0x00000000        0x0 newlib/sys_itoa.o
 .bss           0x00000000        0x0 newlib/sys_itoa.o
 .text          0x00000000        0x0 main.o
 .data          0x00000000        0x0 main.o
 .bss           0x00000000        0x0 main.o
 .text          0x00000000        0x0 stlib/system_stm32f30x.o
 .data          0x00000000        0x0 stlib/system_stm32f30x.o
 .bss           0x00000000        0x0 stlib/system_stm32f30x.o
 .text.SystemCoreClockUpdate
                0x00000000       0x64 stlib/system_stm32f30x.o
 .data.AHBPrescTable
                0x00000000       0x10 stlib/system_stm32f30x.o
 .data.SystemCoreClock
                0x00000000        0x4 stlib/system_stm32f30x.o
 .text          0x00000000        0x0 /home/wanglinbin/ST/gcc-arm-none-eabi/bin/../lib/gcc/arm-none-eabi/5.2.1/../../../../arm-none-eabi/lib/armv7-m/libc_nano.a(lib_a-exit.o)
 .data          0x00000000        0x0 /home/wanglinbin/ST/gcc-arm-none-eabi/bin/../lib/gcc/arm-none-eabi/5.2.1/../../../../arm-none-eabi/lib/armv7-m/libc_nano.a(lib_a-exit.o)
 .bss           0x00000000        0x0 /home/wanglinbin/ST/gcc-arm-none-eabi/bin/../lib/gcc/arm-none-eabi/5.2.1/../../../../arm-none-eabi/lib/armv7-m/libc_nano.a(lib_a-exit.o)
 .text.exit     0x00000000       0x28 /home/wanglinbin/ST/gcc-arm-none-eabi/bin/../lib/gcc/arm-none-eabi/5.2.1/../../../../arm-none-eabi/lib/armv7-m/libc_nano.a(lib_a-exit.o)
 .debug_frame   0x00000000       0x28 /home/wanglinbin/ST/gcc-arm-none-eabi/bin/../lib/gcc/arm-none-eabi/5.2.1/../../../../arm-none-eabi/lib/armv7-m/libc_nano.a(lib_a-exit.o)
 .ARM.attributes
                0x00000000       0x2d /home/wanglinbin/ST/gcc-arm-none-eabi/bin/../lib/gcc/arm-none-eabi/5.2.1/../../../../arm-none-eabi/lib/armv7-m/libc_nano.a(lib_a-exit.o)
 .text          0x00000000        0x0 /home/wanglinbin/ST/gcc-arm-none-eabi/bin/../lib/gcc/arm-none-eabi/5.2.1/../../../../arm-none-eabi/lib/armv7-m/libc_nano.a(lib_a-impure.o)
 .data          0x00000000        0x0 /home/wanglinbin/ST/gcc-arm-none-eabi/bin/../lib/gcc/arm-none-eabi/5.2.1/../../../../arm-none-eabi/lib/armv7-m/libc_nano.a(lib_a-impure.o)
 .bss           0x00000000        0x0 /home/wanglinbin/ST/gcc-arm-none-eabi/bin/../lib/gcc/arm-none-eabi/5.2.1/../../../../arm-none-eabi/lib/armv7-m/libc_nano.a(lib_a-impure.o)
 .data.impure_data
                0x00000000       0x60 /home/wanglinbin/ST/gcc-arm-none-eabi/bin/../lib/gcc/arm-none-eabi/5.2.1/../../../../arm-none-eabi/lib/armv7-m/libc_nano.a(lib_a-impure.o)
 .data._impure_ptr
                0x00000000        0x4 /home/wanglinbin/ST/gcc-arm-none-eabi/bin/../lib/gcc/arm-none-eabi/5.2.1/../../../../arm-none-eabi/lib/armv7-m/libc_nano.a(lib_a-impure.o)
 .rodata.str1.1
                0x00000000        0x2 /home/wanglinbin/ST/gcc-arm-none-eabi/bin/../lib/gcc/arm-none-eabi/5.2.1/../../../../arm-none-eabi/lib/armv7-m/libc_nano.a(lib_a-impure.o)
 .rodata._global_impure_ptr
                0x00000000        0x4 /home/wanglinbin/ST/gcc-arm-none-eabi/bin/../lib/gcc/arm-none-eabi/5.2.1/../../../../arm-none-eabi/lib/armv7-m/libc_nano.a(lib_a-impure.o)
 .ARM.attributes
                0x00000000       0x2d /home/wanglinbin/ST/gcc-arm-none-eabi/bin/../lib/gcc/arm-none-eabi/5.2.1/../../../../arm-none-eabi/lib/armv7-m/libc_nano.a(lib_a-impure.o)
 .text          0x00000000        0x0 /home/wanglinbin/ST/gcc-arm-none-eabi/bin/../lib/gcc/arm-none-eabi/5.2.1/../../../../arm-none-eabi/lib/armv7-m/libc_nano.a(lib_a-init.o)
 .data          0x00000000        0x0 /home/wanglinbin/ST/gcc-arm-none-eabi/bin/../lib/gcc/arm-none-eabi/5.2.1/../../../../arm-none-eabi/lib/armv7-m/libc_nano.a(lib_a-init.o)
 .bss           0x00000000        0x0 /home/wanglinbin/ST/gcc-arm-none-eabi/bin/../lib/gcc/arm-none-eabi/5.2.1/../../../../arm-none-eabi/lib/armv7-m/libc_nano.a(lib_a-init.o)
 .text          0x00000000        0x0 /home/wanglinbin/ST/gcc-arm-none-eabi/bin/../lib/gcc/arm-none-eabi/5.2.1/../../../../arm-none-eabi/lib/armv7-m/libc_nano.a(lib_a-memset.o)
 .data          0x00000000        0x0 /home/wanglinbin/ST/gcc-arm-none-eabi/bin/../lib/gcc/arm-none-eabi/5.2.1/../../../../arm-none-eabi/lib/armv7-m/libc_nano.a(lib_a-memset.o)
 .bss           0x00000000        0x0 /home/wanglinbin/ST/gcc-arm-none-eabi/bin/../lib/gcc/arm-none-eabi/5.2.1/../../../../arm-none-eabi/lib/armv7-m/libc_nano.a(lib_a-memset.o)
 .text.memset   0x00000000       0x10 /home/wanglinbin/ST/gcc-arm-none-eabi/bin/../lib/gcc/arm-none-eabi/5.2.1/../../../../arm-none-eabi/lib/armv7-m/libc_nano.a(lib_a-memset.o)
 .debug_frame   0x00000000       0x20 /home/wanglinbin/ST/gcc-arm-none-eabi/bin/../lib/gcc/arm-none-eabi/5.2.1/../../../../arm-none-eabi/lib/armv7-m/libc_nano.a(lib_a-memset.o)
 .ARM.attributes
                0x00000000       0x2d /home/wanglinbin/ST/gcc-arm-none-eabi/bin/../lib/gcc/arm-none-eabi/5.2.1/../../../../arm-none-eabi/lib/armv7-m/libc_nano.a(lib_a-memset.o)
 .text          0x00000000        0x0 /home/wanglinbin/ST/gcc-arm-none-eabi/bin/../lib/gcc/arm-none-eabi/5.2.1/../../../../arm-none-eabi/lib/armv7-m/libc_nano.a(lib_a-reent.o)
 .data          0x00000000        0x0 /home/wanglinbin/ST/gcc-arm-none-eabi/bin/../lib/gcc/arm-none-eabi/5.2.1/../../../../arm-none-eabi/lib/armv7-m/libc_nano.a(lib_a-reent.o)
 .bss           0x00000000        0x0 /home/wanglinbin/ST/gcc-arm-none-eabi/bin/../lib/gcc/arm-none-eabi/5.2.1/../../../../arm-none-eabi/lib/armv7-m/libc_nano.a(lib_a-reent.o)
 .text.cleanup_glue
                0x00000000       0x1a /home/wanglinbin/ST/gcc-arm-none-eabi/bin/../lib/gcc/arm-none-eabi/5.2.1/../../../../arm-none-eabi/lib/armv7-m/libc_nano.a(lib_a-reent.o)
 .text._reclaim_reent
                0x00000000       0xb4 /home/wanglinbin/ST/gcc-arm-none-eabi/bin/../lib/gcc/arm-none-eabi/5.2.1/../../../../arm-none-eabi/lib/armv7-m/libc_nano.a(lib_a-reent.o)
 .text          0x00000000        0x0 /home/wanglinbin/ST/gcc-arm-none-eabi/bin/../lib/gcc/arm-none-eabi/5.2.1/../../../../arm-none-eabi/lib/armv7-m/libc_nano.a(lib_a-nano-freer.o)
 .data          0x00000000        0x0 /home/wanglinbin/ST/gcc-arm-none-eabi/bin/../lib/gcc/arm-none-eabi/5.2.1/../../../../arm-none-eabi/lib/armv7-m/libc_nano.a(lib_a-nano-freer.o)
 .bss           0x00000000        0x0 /home/wanglinbin/ST/gcc-arm-none-eabi/bin/../lib/gcc/arm-none-eabi/5.2.1/../../../../arm-none-eabi/lib/armv7-m/libc_nano.a(lib_a-nano-freer.o)
 .text._free_r  0x00000000       0x88 /home/wanglinbin/ST/gcc-arm-none-eabi/bin/../lib/gcc/arm-none-eabi/5.2.1/../../../../arm-none-eabi/lib/armv7-m/libc_nano.a(lib_a-nano-freer.o)
 .debug_frame   0x00000000       0x2c /home/wanglinbin/ST/gcc-arm-none-eabi/bin/../lib/gcc/arm-none-eabi/5.2.1/../../../../arm-none-eabi/lib/armv7-m/libc_nano.a(lib_a-nano-freer.o)
 .ARM.attributes
                0x00000000       0x2d /home/wanglinbin/ST/gcc-arm-none-eabi/bin/../lib/gcc/arm-none-eabi/5.2.1/../../../../arm-none-eabi/lib/armv7-m/libc_nano.a(lib_a-nano-freer.o)
 .text          0x00000000        0x0 /home/wanglinbin/ST/gcc-arm-none-eabi/bin/../lib/gcc/arm-none-eabi/5.2.1/../../../../arm-none-eabi/lib/armv7-m/libc_nano.a(lib_a-nano-mallocr.o)
 .data          0x00000000        0x0 /home/wanglinbin/ST/gcc-arm-none-eabi/bin/../lib/gcc/arm-none-eabi/5.2.1/../../../../arm-none-eabi/lib/armv7-m/libc_nano.a(lib_a-nano-mallocr.o)
 .bss           0x00000000        0x0 /home/wanglinbin/ST/gcc-arm-none-eabi/bin/../lib/gcc/arm-none-eabi/5.2.1/../../../../arm-none-eabi/lib/armv7-m/libc_nano.a(lib_a-nano-mallocr.o)
 .text._malloc_r
                0x00000000       0xa8 /home/wanglinbin/ST/gcc-arm-none-eabi/bin/../lib/gcc/arm-none-eabi/5.2.1/../../../../arm-none-eabi/lib/armv7-m/libc_nano.a(lib_a-nano-mallocr.o)
 .bss.__malloc_sbrk_start
                0x00000000        0x4 /home/wanglinbin/ST/gcc-arm-none-eabi/bin/../lib/gcc/arm-none-eabi/5.2.1/../../../../arm-none-eabi/lib/armv7-m/libc_nano.a(lib_a-nano-mallocr.o)
 .bss.__malloc_free_list
                0x00000000        0x4 /home/wanglinbin/ST/gcc-arm-none-eabi/bin/../lib/gcc/arm-none-eabi/5.2.1/../../../../arm-none-eabi/lib/armv7-m/libc_nano.a(lib_a-nano-mallocr.o)
 .debug_frame   0x00000000       0x2c /home/wanglinbin/ST/gcc-arm-none-eabi/bin/../lib/gcc/arm-none-eabi/5.2.1/../../../../arm-none-eabi/lib/armv7-m/libc_nano.a(lib_a-nano-mallocr.o)
 .ARM.attributes
                0x00000000       0x2d /home/wanglinbin/ST/gcc-arm-none-eabi/bin/../lib/gcc/arm-none-eabi/5.2.1/../../../../arm-none-eabi/lib/armv7-m/libc_nano.a(lib_a-nano-mallocr.o)
 .text          0x00000000        0x0 /home/wanglinbin/ST/gcc-arm-none-eabi/bin/../lib/gcc/arm-none-eabi/5.2.1/../../../../arm-none-eabi/lib/armv7-m/libc_nano.a(lib_a-sbrkr.o)
 .data          0x00000000        0x0 /home/wanglinbin/ST/gcc-arm-none-eabi/bin/../lib/gcc/arm-none-eabi/5.2.1/../../../../arm-none-eabi/lib/armv7-m/libc_nano.a(lib_a-sbrkr.o)
 .bss           0x00000000        0x0 /home/wanglinbin/ST/gcc-arm-none-eabi/bin/../lib/gcc/arm-none-eabi/5.2.1/../../../../arm-none-eabi/lib/armv7-m/libc_nano.a(lib_a-sbrkr.o)
 .text._sbrk_r  0x00000000       0x20 /home/wanglinbin/ST/gcc-arm-none-eabi/bin/../lib/gcc/arm-none-eabi/5.2.1/../../../../arm-none-eabi/lib/armv7-m/libc_nano.a(lib_a-sbrkr.o)
 .debug_frame   0x00000000       0x2c /home/wanglinbin/ST/gcc-arm-none-eabi/bin/../lib/gcc/arm-none-eabi/5.2.1/../../../../arm-none-eabi/lib/armv7-m/libc_nano.a(lib_a-sbrkr.o)
 .ARM.attributes
                0x00000000       0x2d /home/wanglinbin/ST/gcc-arm-none-eabi/bin/../lib/gcc/arm-none-eabi/5.2.1/../../../../arm-none-eabi/lib/armv7-m/libc_nano.a(lib_a-sbrkr.o)
 .text          0x00000000        0x0 /home/wanglinbin/ST/gcc-arm-none-eabi/bin/../lib/gcc/arm-none-eabi/5.2.1/armv7-m/crtend.o
 .data          0x00000000        0x0 /home/wanglinbin/ST/gcc-arm-none-eabi/bin/../lib/gcc/arm-none-eabi/5.2.1/armv7-m/crtend.o
 .bss           0x00000000        0x0 /home/wanglinbin/ST/gcc-arm-none-eabi/bin/../lib/gcc/arm-none-eabi/5.2.1/armv7-m/crtend.o
 .eh_frame      0x00000000        0x4 /home/wanglinbin/ST/gcc-arm-none-eabi/bin/../lib/gcc/arm-none-eabi/5.2.1/armv7-m/crtend.o
 .jcr           0x00000000        0x4 /home/wanglinbin/ST/gcc-arm-none-eabi/bin/../lib/gcc/arm-none-eabi/5.2.1/armv7-m/crtend.o
 .text          0x00000000        0x0 /home/wanglinbin/ST/gcc-arm-none-eabi/bin/../lib/gcc/arm-none-eabi/5.2.1/armv7-m/crtn.o
 .data          0x00000000        0x0 /home/wanglinbin/ST/gcc-arm-none-eabi/bin/../lib/gcc/arm-none-eabi/5.2.1/armv7-m/crtn.o
 .bss           0x00000000        0x0 /home/wanglinbin/ST/gcc-arm-none-eabi/bin/../lib/gcc/arm-none-eabi/5.2.1/armv7-m/crtn.o

Memory Configuration

Name             Origin             Length             Attributes
FLASH            0x08000000         0x00080000         xr
RAM              0x20000000         0x00010000         xrw
MEMORY_B1        0x60000000         0x00000000         xr
CCMRAM           0x10000000         0x00002000         rw
*default*        0x00000000         0xffffffff

Linker script and memory map

LOAD /home/wanglinbin/ST/gcc-arm-none-eabi/bin/../lib/gcc/arm-none-eabi/5.2.1/armv7-m/crti.o
LOAD /home/wanglinbin/ST/gcc-arm-none-eabi/bin/../lib/gcc/arm-none-eabi/5.2.1/armv7-m/crtbegin.o
LOAD /home/wanglinbin/ST/gcc-arm-none-eabi/bin/../lib/gcc/arm-none-eabi/5.2.1/../../../../arm-none-eabi/lib/armv7-m/crt0.o
LOAD stlib/startup_stm32f30x.o
LOAD stlib/src/stm32f30x_rcc.o
LOAD stlib/src/stm32f30x_gpio.o
LOAD stlib/src/stm32f30x_usart.o
LOAD platform/init.o
LOAD platform/ringbuffer.o
LOAD platform/usart.o
LOAD newlib/syscalls.o
LOAD newlib/sys_itoa.o
LOAD main.o
LOAD stlib/system_stm32f30x.o
START GROUP
LOAD /home/wanglinbin/ST/gcc-arm-none-eabi/bin/../lib/gcc/arm-none-eabi/5.2.1/armv7-m/libgcc.a
LOAD /home/wanglinbin/ST/gcc-arm-none-eabi/bin/../lib/gcc/arm-none-eabi/5.2.1/../../../../arm-none-eabi/lib/armv7-m/libc_nano.a
END GROUP
START GROUP
LOAD /home/wanglinbin/ST/gcc-arm-none-eabi/bin/../lib/gcc/arm-none-eabi/5.2.1/armv7-m/libgcc.a
LOAD /home/wanglinbin/ST/gcc-arm-none-eabi/bin/../lib/gcc/arm-none-eabi/5.2.1/../../../../arm-none-eabi/lib/armv7-m/libc_nano.a
END GROUP
LOAD /home/wanglinbin/ST/gcc-arm-none-eabi/bin/../lib/gcc/arm-none-eabi/5.2.1/armv7-m/crtend.o
LOAD /home/wanglinbin/ST/gcc-arm-none-eabi/bin/../lib/gcc/arm-none-eabi/5.2.1/armv7-m/crtn.o
                0x20010000                _estack = 0x20010000
                0x00000000                _Min_Heap_Size = 0x0
                0x00000200                _Min_Stack_Size = 0x200

.isr_vector     0x08000000      0x188
                0x08000000                . = ALIGN (0x4)
 *(.isr_vector)
 .isr_vector    0x08000000      0x188 stlib/startup_stm32f30x.o
                0x08000000                g_pfnVectors
                0x08000188                . = ALIGN (0x4)

.text           0x08000188      0x990
                0x08000188                . = ALIGN (0x4)
 *(.text)
 .text          0x08000188       0xa4 /home/wanglinbin/ST/gcc-arm-none-eabi/bin/../lib/gcc/arm-none-eabi/5.2.1/armv7-m/crtbegin.o
 *(.text*)
 .text.Reset_Handler
                0x0800022c       0x50 stlib/startup_stm32f30x.o
                0x0800022c                Reset_Handler
 .text.Default_Handler
                0x0800027c        0x2 stlib/startup_stm32f30x.o
                0x0800027c                RTC_Alarm_IRQHandler
                0x0800027c                TIM8_TRG_COM_IRQHandler
                0x0800027c                TIM8_CC_IRQHandler
                0x0800027c                DebugMon_Handler
                0x0800027c                TIM1_CC_IRQHandler
                0x0800027c                HardFault_Handler
                0x0800027c                USB_HP_IRQHandler
                0x0800027c                SysTick_Handler
                0x0800027c                PVD_IRQHandler
                0x0800027c                PendSV_Handler
                0x0800027c                NMI_Handler
                0x0800027c                EXTI3_IRQHandler
                0x0800027c                EXTI0_IRQHandler
                0x0800027c                I2C2_EV_IRQHandler
                0x0800027c                FPU_IRQHandler
                0x0800027c                EXTI2_TS_IRQHandler
                0x0800027c                TIM1_UP_TIM16_IRQHandler
                0x0800027c                UsageFault_Handler
                0x0800027c                ADC1_2_IRQHandler
                0x0800027c                SPI1_IRQHandler
                0x0800027c                TIM6_DAC_IRQHandler
                0x0800027c                TIM8_UP_IRQHandler
                0x0800027c                DMA2_Channel2_IRQHandler
                0x0800027c                DMA1_Channel4_IRQHandler
                0x0800027c                USART3_IRQHandler
                0x0800027c                DMA1_Channel7_IRQHandler
                0x0800027c                CAN1_RX1_IRQHandler
                0x0800027c                UART5_IRQHandler
                0x0800027c                ADC3_IRQHandler
                0x0800027c                TIM4_IRQHandler
                0x0800027c                DMA2_Channel1_IRQHandler
                0x0800027c                I2C1_EV_IRQHandler
                0x0800027c                DMA1_Channel6_IRQHandler
                0x0800027c                UART4_IRQHandler
                0x0800027c                DMA2_Channel4_IRQHandler
                0x0800027c                TIM3_IRQHandler
                0x0800027c                RCC_IRQHandler
                0x0800027c                DMA1_Channel1_IRQHandler
                0x0800027c                Default_Handler
                0x0800027c                USBWakeUp_RMP_IRQHandler
                0x0800027c                EXTI15_10_IRQHandler
                0x0800027c                TIM7_IRQHandler
                0x0800027c                EXTI9_5_IRQHandler
                0x0800027c                TAMPER_STAMP_IRQHandler
                0x0800027c                RTC_WKUP_IRQHandler
                0x0800027c                SPI2_IRQHandler
                0x0800027c                MemManage_Handler
                0x0800027c                SVC_Handler
                0x0800027c                DMA2_Channel5_IRQHandler
                0x0800027c                DMA1_Channel5_IRQHandler
                0x0800027c                USB_LP_IRQHandler
                0x0800027c                EXTI4_IRQHandler
                0x0800027c                USB_LP_CAN1_RX0_IRQHandler
                0x0800027c                TIM1_TRG_COM_TIM17_IRQHandler
                0x0800027c                USB_HP_CAN1_TX_IRQHandler
                0x0800027c                DMA1_Channel3_IRQHandler
                0x0800027c                ADC4_IRQHandler
                0x0800027c                WWDG_IRQHandler
                0x0800027c                TIM2_IRQHandler
                0x0800027c                COMP7_IRQHandler
                0x0800027c                COMP1_2_3_IRQHandler
                0x0800027c                EXTI1_IRQHandler
                0x0800027c                COMP4_5_6_IRQHandler
                0x0800027c                I2C2_ER_IRQHandler
                0x0800027c                DMA1_Channel2_IRQHandler
                0x0800027c                TIM8_BRK_IRQHandler
                0x0800027c                CAN1_SCE_IRQHandler
                0x0800027c                FLASH_IRQHandler
                0x0800027c                BusFault_Handler
                0x0800027c                USART1_IRQHandler
                0x0800027c                SPI3_IRQHandler
                0x0800027c                I2C1_ER_IRQHandler
                0x0800027c                USBWakeUp_IRQHandler
                0x0800027c                DMA2_Channel3_IRQHandler
                0x0800027c                TIM1_BRK_TIM15_IRQHandler
 *fill*         0x0800027e        0x2 
 .text.RCC_GetClocksFreq
                0x08000280      0x248 stlib/src/stm32f30x_rcc.o
                0x08000280                RCC_GetClocksFreq
 .text.RCC_AHBPeriphClockCmd
                0x080004c8       0x18 stlib/src/stm32f30x_rcc.o
                0x080004c8                RCC_AHBPeriphClockCmd
 .text.RCC_APB1PeriphClockCmd
                0x080004e0       0x18 stlib/src/stm32f30x_rcc.o
                0x080004e0                RCC_APB1PeriphClockCmd
 .text.GPIO_Init
                0x080004f8       0x88 stlib/src/stm32f30x_gpio.o
                0x080004f8                GPIO_Init
 .text.GPIO_PinAFConfig
                0x08000580       0x24 stlib/src/stm32f30x_gpio.o
                0x08000580                GPIO_PinAFConfig
 .text.USART_Init
                0x080005a4       0xb8 stlib/src/stm32f30x_usart.o
                0x080005a4                USART_Init
 .text.USART_Cmd
                0x0800065c       0x12 stlib/src/stm32f30x_usart.o
                0x0800065c                USART_Cmd
 .text.USART_SendData
                0x0800066e        0x8 stlib/src/stm32f30x_usart.o
                0x0800066e                USART_SendData
 .text.USART_ReceiveData
                0x08000676        0x8 stlib/src/stm32f30x_usart.o
                0x08000676                USART_ReceiveData
 .text.USART_ITConfig
                0x0800067e       0x2c stlib/src/stm32f30x_usart.o
                0x0800067e                USART_ITConfig
 .text.USART_GetFlagStatus
                0x080006aa        0xc stlib/src/stm32f30x_usart.o
                0x080006aa                USART_GetFlagStatus
 .text.USART_ClearFlag
                0x080006b6        0x4 stlib/src/stm32f30x_usart.o
                0x080006b6                USART_ClearFlag
 .text.USART_GetITStatus
                0x080006ba       0x3a stlib/src/stm32f30x_usart.o
                0x080006ba                USART_GetITStatus
 .text.usart_gpio_init
                0x080006f4       0x46 platform/init.o
                0x080006f4                usart_gpio_init
 *fill*         0x0800073a        0x2 
 .text.usart_mode_init
                0x0800073c       0x64 platform/init.o
                0x0800073c                usart_mode_init
 .text.init     0x080007a0       0x18 platform/init.o
                0x080007a0                init
 .text.rbput    0x080007b8       0x34 platform/ringbuffer.o
                0x080007b8                rbput
 .text.rbget    0x080007ec       0x2a platform/ringbuffer.o
                0x080007ec                rbget
 *fill*         0x08000816        0x2 
 .text.__io_putchar
                0x08000818       0x20 platform/usart.o
                0x08000818                __io_putchar
 .text.__io_getchar
                0x08000838       0x54 platform/usart.o
                0x08000838                __io_getchar
 .text.__io_puts
                0x0800088c       0x1a platform/usart.o
                0x0800088c                __io_puts
 .text.__io_gets
                0x080008a6       0x42 platform/usart.o
                0x080008a6                __io_gets
 .text.USART2_IRQHandler
                0x080008e8       0x30 platform/usart.o
                0x080008e8                USART2_IRQHandler
 .text._exit    0x08000918       0x30 newlib/syscalls.o
                0x08000918                _exit
 .text.sys_itoa
                0x08000948       0x44 newlib/sys_itoa.o
                0x08000948                sys_itoa
 .text.checkBuf
                0x0800098c       0x32 main.o
                0x0800098c                checkBuf
 .text.startup.main
                0x080009be       0x1a main.o
                0x080009be                main
 .text.SystemInit
                0x080009d8       0xb0 stlib/system_stm32f30x.o
                0x080009d8                SystemInit
 .text.__libc_init_array
                0x08000a88       0x4c /home/wanglinbin/ST/gcc-arm-none-eabi/bin/../lib/gcc/arm-none-eabi/5.2.1/../../../../arm-none-eabi/lib/armv7-m/libc_nano.a(lib_a-init.o)
                0x08000a88                __libc_init_array
 *(.rodata)
 *(.rodata*)
 .rodata.str1.1
                0x08000ad4       0x2c newlib/syscalls.o
 *(.glue_7)
 .glue_7        0x08000b00        0x0 linker stubs
 *(.glue_7t)
 .glue_7t       0x08000b00        0x0 linker stubs
 *(.eh_frame)
 .eh_frame      0x08000b00        0x0 /home/wanglinbin/ST/gcc-arm-none-eabi/bin/../lib/gcc/arm-none-eabi/5.2.1/armv7-m/crtbegin.o
 *(.init)
 .init          0x08000b00        0x4 /home/wanglinbin/ST/gcc-arm-none-eabi/bin/../lib/gcc/arm-none-eabi/5.2.1/armv7-m/crti.o
                0x08000b00                _init
 .init          0x08000b04        0x8 /home/wanglinbin/ST/gcc-arm-none-eabi/bin/../lib/gcc/arm-none-eabi/5.2.1/armv7-m/crtn.o
 *(.fini)
 .fini          0x08000b0c        0x4 /home/wanglinbin/ST/gcc-arm-none-eabi/bin/../lib/gcc/arm-none-eabi/5.2.1/armv7-m/crti.o
                0x08000b0c                _fini
 .fini          0x08000b10        0x8 /home/wanglinbin/ST/gcc-arm-none-eabi/bin/../lib/gcc/arm-none-eabi/5.2.1/armv7-m/crtn.o
                0x08000b18                . = ALIGN (0x4)
                0x08000b18                _etext = .

.vfp11_veneer   0x08000b18        0x0
 .vfp11_veneer  0x08000b18        0x0 linker stubs

.v4_bx          0x08000b18        0x0
 .v4_bx         0x08000b18        0x0 linker stubs

.iplt           0x08000b18        0x0
 .iplt          0x08000b18        0x0 /home/wanglinbin/ST/gcc-arm-none-eabi/bin/../lib/gcc/arm-none-eabi/5.2.1/armv7-m/crtbegin.o

.rel.dyn        0x08000b18        0x0
 .rel.iplt      0x08000b18        0x0 /home/wanglinbin/ST/gcc-arm-none-eabi/bin/../lib/gcc/arm-none-eabi/5.2.1/armv7-m/crtbegin.o

.ARM.extab
 *(.ARM.extab* .gnu.linkonce.armextab.*)

.ARM            0x08000b18        0x0
                0x08000b18                __exidx_start = .
 *(.ARM.exidx*)
                0x08000b18                __exidx_end = .

.preinit_array  0x08000b18        0x0
                0x08000b18                PROVIDE (__preinit_array_start, .)
 *(.preinit_array*)
                0x08000b18                PROVIDE (__preinit_array_end, .)

.init_array     0x08000b18        0x4
                0x08000b18                PROVIDE (__init_array_start, .)
 *(SORT(.init_array.*))
 *(.init_array*)
 .init_array    0x08000b18        0x4 /home/wanglinbin/ST/gcc-arm-none-eabi/bin/../lib/gcc/arm-none-eabi/5.2.1/armv7-m/crtbegin.o
                0x08000b1c                PROVIDE (__init_array_end, .)

.fini_array     0x08000b1c        0x4
                [!provide]                PROVIDE (__fini_array_start, .)
 *(SORT(.fini_array.*))
 *(.fini_array*)
 .fini_array    0x08000b1c        0x4 /home/wanglinbin/ST/gcc-arm-none-eabi/bin/../lib/gcc/arm-none-eabi/5.2.1/armv7-m/crtbegin.o
                [!provide]                PROVIDE (__fini_array_end, .)
                0x08000b20                _sidata = LOADADDR (.data)

.data           0x20000000       0x40 load address 0x08000b20
                0x20000000                . = ALIGN (0x4)
                0x20000000                _sdata = .
 *(.data)
 *(.data*)
 .data.ADCPrescTable
                0x20000000       0x1a stlib/src/stm32f30x_rcc.o
 .data.APBAHBPrescTable
                0x2000001a       0x10 stlib/src/stm32f30x_rcc.o
 *fill*         0x2000002a        0x2 
 .data.rb_usart
                0x2000002c       0x14 platform/usart.o
                0x2000002c                rb_usart
                0x20000040                . = ALIGN (0x4)
                0x20000040                _edata = .
                0x08000b60                _siccmram = LOADADDR (.ccmram)

.jcr            0x20000040        0x0 load address 0x08000b60
 .jcr           0x20000040        0x0 /home/wanglinbin/ST/gcc-arm-none-eabi/bin/../lib/gcc/arm-none-eabi/5.2.1/armv7-m/crtbegin.o

.tm_clone_table
                0x20000040        0x0 load address 0x08000b60
 .tm_clone_table
                0x20000040        0x0 /home/wanglinbin/ST/gcc-arm-none-eabi/bin/../lib/gcc/arm-none-eabi/5.2.1/armv7-m/crtbegin.o
 .tm_clone_table
                0x20000040        0x0 /home/wanglinbin/ST/gcc-arm-none-eabi/bin/../lib/gcc/arm-none-eabi/5.2.1/armv7-m/crtend.o

.igot.plt       0x20000040        0x0 load address 0x08000b60
 .igot.plt      0x20000040        0x0 /home/wanglinbin/ST/gcc-arm-none-eabi/bin/../lib/gcc/arm-none-eabi/5.2.1/armv7-m/crtbegin.o

.ccmram         0x10000000        0x0 load address 0x08000b60
                0x10000000                . = ALIGN (0x4)
                0x10000000                _sccmram = .
 *(.ccmram)
 *(.ccmram*)
                0x10000000                . = ALIGN (0x4)
                0x10000000                _eccmram = .
                0x10000000                . = ALIGN (0x4)

.bss            0x20000040      0x138
                0x20000040                _sbss = .
                0x20000040                __bss_start__ = _sbss
 *(.bss)
 .bss           0x20000040       0x1c /home/wanglinbin/ST/gcc-arm-none-eabi/bin/../lib/gcc/arm-none-eabi/5.2.1/armv7-m/crtbegin.o
 *(.bss*)
 .bss.rb_usart_buff
                0x2000005c      0x100 platform/usart.o
 .bss.buf.4166  0x2000015c       0x15 newlib/sys_itoa.o
 *(COMMON)
 *fill*         0x20000171        0x3 
 COMMON         0x20000174        0x4 /home/wanglinbin/ST/gcc-arm-none-eabi/bin/../lib/gcc/arm-none-eabi/5.2.1/../../../../arm-none-eabi/lib/armv7-m/libc_nano.a(lib_a-reent.o)
                0x20000174                errno
                0x20000178                . = ALIGN (0x4)
                0x20000178                _ebss = .
                0x20000178                __bss_end__ = _ebss

._user_heap_stack
                0x20000178      0x200
                0x20000178                . = ALIGN (0x4)
                0x20000178                PROVIDE (end, .)
                [!provide]                PROVIDE (_end, .)
                0x20000178                . = (. + _Min_Heap_Size)
                0x20000378                . = (. + _Min_Stack_Size)
 *fill*         0x20000178      0x200 
                0x20000378                . = ALIGN (0x4)

.memory_b1_text
 *(.mb1text)
 *(.mb1text*)
 *(.mb1rodata)
 *(.mb1rodata*)

/DISCARD/
 libc.a(*)
 libm.a(*)
 libgcc.a(*)

.ARM.attributes
                0x00000000       0x2f
 *(.ARM.attributes)
 .ARM.attributes
                0x00000000       0x1d /home/wanglinbin/ST/gcc-arm-none-eabi/bin/../lib/gcc/arm-none-eabi/5.2.1/armv7-m/crti.o
 .ARM.attributes
                0x0000001d       0x2d /home/wanglinbin/ST/gcc-arm-none-eabi/bin/../lib/gcc/arm-none-eabi/5.2.1/armv7-m/crtbegin.o
 .ARM.attributes
                0x0000004a       0x21 stlib/startup_stm32f30x.o
 .ARM.attributes
                0x0000006b       0x33 stlib/src/stm32f30x_rcc.o
 .ARM.attributes
                0x0000009e       0x33 stlib/src/stm32f30x_gpio.o
 .ARM.attributes
                0x000000d1       0x33 stlib/src/stm32f30x_usart.o
 .ARM.attributes
                0x00000104       0x33 platform/init.o
 .ARM.attributes
                0x00000137       0x33 platform/ringbuffer.o
 .ARM.attributes
                0x0000016a       0x33 platform/usart.o
 .ARM.attributes
                0x0000019d       0x33 newlib/syscalls.o
 .ARM.attributes
                0x000001d0       0x33 newlib/sys_itoa.o
 .ARM.attributes
                0x00000203       0x33 main.o
 .ARM.attributes
                0x00000236       0x33 stlib/system_stm32f30x.o
 .ARM.attributes
                0x00000269       0x2d /home/wanglinbin/ST/gcc-arm-none-eabi/bin/../lib/gcc/arm-none-eabi/5.2.1/../../../../arm-none-eabi/lib/armv7-m/libc_nano.a(lib_a-init.o)
 .ARM.attributes
                0x00000296       0x2d /home/wanglinbin/ST/gcc-arm-none-eabi/bin/../lib/gcc/arm-none-eabi/5.2.1/../../../../arm-none-eabi/lib/armv7-m/libc_nano.a(lib_a-reent.o)
 .ARM.attributes
                0x000002c3       0x2d /home/wanglinbin/ST/gcc-arm-none-eabi/bin/../lib/gcc/arm-none-eabi/5.2.1/armv7-m/crtend.o
 .ARM.attributes
                0x000002f0       0x1d /home/wanglinbin/ST/gcc-arm-none-eabi/bin/../lib/gcc/arm-none-eabi/5.2.1/armv7-m/crtn.o
OUTPUT(serial.elf elf32-littlearm)

.comment        0x00000000       0x6e
 .comment       0x00000000       0x6e stlib/src/stm32f30x_rcc.o
                                 0x6f (size before relaxing)
 .comment       0x0000006e       0x6f stlib/src/stm32f30x_gpio.o
 .comment       0x0000006e       0x6f stlib/src/stm32f30x_usart.o
 .comment       0x0000006e       0x6f platform/init.o
 .comment       0x0000006e       0x6f platform/ringbuffer.o
 .comment       0x0000006e       0x6f platform/usart.o
 .comment       0x0000006e       0x6f newlib/syscalls.o
 .comment       0x0000006e       0x6f newlib/sys_itoa.o
 .comment       0x0000006e       0x6f main.o
 .comment       0x0000006e       0x6f stlib/system_stm32f30x.o

.debug_frame    0x00000000       0x88
 .debug_frame   0x00000000       0x2c /home/wanglinbin/ST/gcc-arm-none-eabi/bin/../lib/gcc/arm-none-eabi/5.2.1/../../../../arm-none-eabi/lib/armv7-m/libc_nano.a(lib_a-init.o)
 .debug_frame   0x0000002c       0x5c /home/wanglinbin/ST/gcc-arm-none-eabi/bin/../lib/gcc/arm-none-eabi/5.2.1/../../../../arm-none-eabi/lib/armv7-m/libc_nano.a(lib_a-reent.o)
